------------------------------------------------------------
TimeQuest Timing Analyzer Summary
------------------------------------------------------------

Type  : Slow 1200mV 85C Model Setup 'mii_clk'
Slack : -11.059
TNS   : -1858.145

Type  : Slow 1200mV 85C Model Setup 'clk_gen_inst|altpll_component|auto_generated|pll1|clk[0]'
Slack : -4.166
TNS   : -16.116

Type  : Slow 1200mV 85C Model Setup 'ov5640_top:ov5640_top_inst|i2c_ctrl:i2c_ctrl_inst|i2c_clk'
Slack : -2.763
TNS   : -87.844

Type  : Slow 1200mV 85C Model Setup 'ov5640_pclk'
Slack : -2.635
TNS   : -97.459

Type  : Slow 1200mV 85C Model Setup 'eth_clk'
Slack : -1.015
TNS   : -6.684

Type  : Slow 1200mV 85C Model Setup 'clk_gen_inst|altpll_component|auto_generated|pll1|clk[2]'
Slack : -0.146
TNS   : -0.146

Type  : Slow 1200mV 85C Model Hold 'mii_clk'
Slack : -1.166
TNS   : -2.253

Type  : Slow 1200mV 85C Model Hold 'ov5640_pclk'
Slack : -0.717
TNS   : -1.048

Type  : Slow 1200mV 85C Model Hold 'ov5640_top:ov5640_top_inst|i2c_ctrl:i2c_ctrl_inst|i2c_clk'
Slack : -0.489
TNS   : -5.688

Type  : Slow 1200mV 85C Model Hold 'clk_gen_inst|altpll_component|auto_generated|pll1|clk[2]'
Slack : -0.194
TNS   : -0.194

Type  : Slow 1200mV 85C Model Hold 'eth_clk'
Slack : -0.038
TNS   : -0.038

Type  : Slow 1200mV 85C Model Hold 'clk_gen_inst|altpll_component|auto_generated|pll1|clk[0]'
Slack : 0.408
TNS   : 0.000

Type  : Slow 1200mV 85C Model Recovery 'ov5640_top:ov5640_top_inst|i2c_ctrl:i2c_ctrl_inst|cnt_i2c_clk[0]'
Slack : -4.221
TNS   : -4.221

Type  : Slow 1200mV 85C Model Recovery 'mii_clk'
Slack : -3.767
TNS   : -1242.244

Type  : Slow 1200mV 85C Model Recovery 'ov5640_pclk'
Slack : -2.724
TNS   : -85.944

Type  : Slow 1200mV 85C Model Removal 'ov5640_pclk'
Slack : -0.375
TNS   : -11.008

Type  : Slow 1200mV 85C Model Removal 'mii_clk'
Slack : 0.401
TNS   : 0.000

Type  : Slow 1200mV 85C Model Removal 'ov5640_top:ov5640_top_inst|i2c_ctrl:i2c_ctrl_inst|cnt_i2c_clk[0]'
Slack : 3.370
TNS   : 0.000

Type  : Slow 1200mV 85C Model Minimum Pulse Width 'mii_clk'
Slack : -3.201
TNS   : -865.717

Type  : Slow 1200mV 85C Model Minimum Pulse Width 'ov5640_pclk'
Slack : -3.201
TNS   : -127.783

Type  : Slow 1200mV 85C Model Minimum Pulse Width 'eth_clk'
Slack : -3.000
TNS   : -20.844

Type  : Slow 1200mV 85C Model Minimum Pulse Width 'ov5640_top:ov5640_top_inst|i2c_ctrl:i2c_ctrl_inst|i2c_clk'
Slack : -1.487
TNS   : -63.941

Type  : Slow 1200mV 85C Model Minimum Pulse Width 'ov5640_top:ov5640_top_inst|i2c_ctrl:i2c_ctrl_inst|cnt_i2c_clk[0]'
Slack : 0.430
TNS   : 0.000

Type  : Slow 1200mV 85C Model Minimum Pulse Width 'clk_gen_inst|altpll_component|auto_generated|pll1|clk[0]'
Slack : 4.705
TNS   : 0.000

Type  : Slow 1200mV 85C Model Minimum Pulse Width 'sys_clk'
Slack : 9.934
TNS   : 0.000

Type  : Slow 1200mV 85C Model Minimum Pulse Width 'clk_gen_inst|altpll_component|auto_generated|pll1|clk[2]'
Slack : 19.720
TNS   : 0.000

Type  : Slow 1200mV 0C Model Setup 'mii_clk'
Slack : -9.999
TNS   : -1719.727

Type  : Slow 1200mV 0C Model Setup 'clk_gen_inst|altpll_component|auto_generated|pll1|clk[0]'
Slack : -3.689
TNS   : -14.131

Type  : Slow 1200mV 0C Model Setup 'ov5640_top:ov5640_top_inst|i2c_ctrl:i2c_ctrl_inst|i2c_clk'
Slack : -2.468
TNS   : -78.136

Type  : Slow 1200mV 0C Model Setup 'ov5640_pclk'
Slack : -2.447
TNS   : -87.211

Type  : Slow 1200mV 0C Model Setup 'eth_clk'
Slack : -0.777
TNS   : -5.778

Type  : Slow 1200mV 0C Model Setup 'clk_gen_inst|altpll_component|auto_generated|pll1|clk[2]'
Slack : 0.048
TNS   : 0.000

Type  : Slow 1200mV 0C Model Hold 'mii_clk'
Slack : -0.974
TNS   : -1.866

Type  : Slow 1200mV 0C Model Hold 'ov5640_pclk'
Slack : -0.597
TNS   : -0.834

Type  : Slow 1200mV 0C Model Hold 'ov5640_top:ov5640_top_inst|i2c_ctrl:i2c_ctrl_inst|i2c_clk'
Slack : -0.460
TNS   : -5.549

Type  : Slow 1200mV 0C Model Hold 'clk_gen_inst|altpll_component|auto_generated|pll1|clk[2]'
Slack : -0.308
TNS   : -0.308

Type  : Slow 1200mV 0C Model Hold 'eth_clk'
Slack : 0.052
TNS   : 0.000

Type  : Slow 1200mV 0C Model Hold 'clk_gen_inst|altpll_component|auto_generated|pll1|clk[0]'
Slack : 0.386
TNS   : 0.000

Type  : Slow 1200mV 0C Model Recovery 'ov5640_top:ov5640_top_inst|i2c_ctrl:i2c_ctrl_inst|cnt_i2c_clk[0]'
Slack : -3.729
TNS   : -3.729

Type  : Slow 1200mV 0C Model Recovery 'mii_clk'
Slack : -3.381
TNS   : -1105.385

Type  : Slow 1200mV 0C Model Recovery 'ov5640_pclk'
Slack : -2.425
TNS   : -76.334

Type  : Slow 1200mV 0C Model Removal 'ov5640_pclk'
Slack : -0.236
TNS   : -6.661

Type  : Slow 1200mV 0C Model Removal 'mii_clk'
Slack : 0.485
TNS   : 0.000

Type  : Slow 1200mV 0C Model Removal 'ov5640_top:ov5640_top_inst|i2c_ctrl:i2c_ctrl_inst|cnt_i2c_clk[0]'
Slack : 3.040
TNS   : 0.000

Type  : Slow 1200mV 0C Model Minimum Pulse Width 'mii_clk'
Slack : -3.201
TNS   : -865.717

Type  : Slow 1200mV 0C Model Minimum Pulse Width 'ov5640_pclk'
Slack : -3.201
TNS   : -127.783

Type  : Slow 1200mV 0C Model Minimum Pulse Width 'eth_clk'
Slack : -3.000
TNS   : -20.844

Type  : Slow 1200mV 0C Model Minimum Pulse Width 'ov5640_top:ov5640_top_inst|i2c_ctrl:i2c_ctrl_inst|i2c_clk'
Slack : -1.487
TNS   : -63.941

Type  : Slow 1200mV 0C Model Minimum Pulse Width 'ov5640_top:ov5640_top_inst|i2c_ctrl:i2c_ctrl_inst|cnt_i2c_clk[0]'
Slack : 0.437
TNS   : 0.000

Type  : Slow 1200mV 0C Model Minimum Pulse Width 'clk_gen_inst|altpll_component|auto_generated|pll1|clk[0]'
Slack : 4.675
TNS   : 0.000

Type  : Slow 1200mV 0C Model Minimum Pulse Width 'sys_clk'
Slack : 9.943
TNS   : 0.000

Type  : Slow 1200mV 0C Model Minimum Pulse Width 'clk_gen_inst|altpll_component|auto_generated|pll1|clk[2]'
Slack : 19.718
TNS   : 0.000

Type  : Fast 1200mV 0C Model Setup 'mii_clk'
Slack : -4.142
TNS   : -543.463

Type  : Fast 1200mV 0C Model Setup 'clk_gen_inst|altpll_component|auto_generated|pll1|clk[0]'
Slack : -1.416
TNS   : -5.520

Type  : Fast 1200mV 0C Model Setup 'eth_clk'
Slack : -0.614
TNS   : -1.228

Type  : Fast 1200mV 0C Model Setup 'ov5640_top:ov5640_top_inst|i2c_ctrl:i2c_ctrl_inst|i2c_clk'
Slack : -0.585
TNS   : -13.756

Type  : Fast 1200mV 0C Model Setup 'ov5640_pclk'
Slack : -0.577
TNS   : -9.891

Type  : Fast 1200mV 0C Model Setup 'clk_gen_inst|altpll_component|auto_generated|pll1|clk[2]'
Slack : 0.046
TNS   : 0.000

Type  : Fast 1200mV 0C Model Hold 'mii_clk'
Slack : -0.733
TNS   : -1.431

Type  : Fast 1200mV 0C Model Hold 'ov5640_pclk'
Slack : -0.584
TNS   : -1.045

Type  : Fast 1200mV 0C Model Hold 'eth_clk'
Slack : -0.560
TNS   : -0.560

Type  : Fast 1200mV 0C Model Hold 'ov5640_top:ov5640_top_inst|i2c_ctrl:i2c_ctrl_inst|i2c_clk'
Slack : -0.236
TNS   : -2.791

Type  : Fast 1200mV 0C Model Hold 'clk_gen_inst|altpll_component|auto_generated|pll1|clk[2]'
Slack : -0.041
TNS   : -0.041

Type  : Fast 1200mV 0C Model Hold 'clk_gen_inst|altpll_component|auto_generated|pll1|clk[0]'
Slack : 0.137
TNS   : 0.000

Type  : Fast 1200mV 0C Model Recovery 'ov5640_top:ov5640_top_inst|i2c_ctrl:i2c_ctrl_inst|cnt_i2c_clk[0]'
Slack : -1.708
TNS   : -1.708

Type  : Fast 1200mV 0C Model Recovery 'mii_clk'
Slack : -1.507
TNS   : -492.256

Type  : Fast 1200mV 0C Model Recovery 'ov5640_pclk'
Slack : -0.965
TNS   : -30.365

Type  : Fast 1200mV 0C Model Removal 'ov5640_pclk'
Slack : -0.403
TNS   : -12.360

Type  : Fast 1200mV 0C Model Removal 'mii_clk'
Slack : -0.036
TNS   : -1.758

Type  : Fast 1200mV 0C Model Removal 'ov5640_top:ov5640_top_inst|i2c_ctrl:i2c_ctrl_inst|cnt_i2c_clk[0]'
Slack : 1.911
TNS   : 0.000

Type  : Fast 1200mV 0C Model Minimum Pulse Width 'ov5640_pclk'
Slack : -3.000
TNS   : -85.407

Type  : Fast 1200mV 0C Model Minimum Pulse Width 'eth_clk'
Slack : -3.000
TNS   : -16.822

Type  : Fast 1200mV 0C Model Minimum Pulse Width 'mii_clk'
Slack : -1.000
TNS   : -543.000

Type  : Fast 1200mV 0C Model Minimum Pulse Width 'ov5640_top:ov5640_top_inst|i2c_ctrl:i2c_ctrl_inst|i2c_clk'
Slack : -1.000
TNS   : -43.000

Type  : Fast 1200mV 0C Model Minimum Pulse Width 'ov5640_top:ov5640_top_inst|i2c_ctrl:i2c_ctrl_inst|cnt_i2c_clk[0]'
Slack : 0.441
TNS   : 0.000

Type  : Fast 1200mV 0C Model Minimum Pulse Width 'clk_gen_inst|altpll_component|auto_generated|pll1|clk[0]'
Slack : 4.734
TNS   : 0.000

Type  : Fast 1200mV 0C Model Minimum Pulse Width 'sys_clk'
Slack : 9.594
TNS   : 0.000

Type  : Fast 1200mV 0C Model Minimum Pulse Width 'clk_gen_inst|altpll_component|auto_generated|pll1|clk[2]'
Slack : 19.796
TNS   : 0.000

------------------------------------------------------------
