------------------------------------------------------------
TimeQuest Timing Analyzer Summary
------------------------------------------------------------

Type  : Slow 1200mV 85C Model Setup 'clk_gen_inst|altpll_component|auto_generated|pll1|clk[0]'
Slack : -4.049
TNS   : -10.733

Type  : Slow 1200mV 85C Model Setup 'ov5640_pclk'
Slack : -2.571
TNS   : -101.024

Type  : Slow 1200mV 85C Model Setup 'ov5640_top:ov5640_top_inst|i2c_ctrl:i2c_ctrl_inst|i2c_clk'
Slack : -2.395
TNS   : -60.443

Type  : Slow 1200mV 85C Model Setup 'clk_gen_inst|altpll_component|auto_generated|pll1|clk[2]'
Slack : -2.043
TNS   : -4.298

Type  : Slow 1200mV 85C Model Hold 'ov5640_pclk'
Slack : -0.413
TNS   : -0.805

Type  : Slow 1200mV 85C Model Hold 'ov5640_top:ov5640_top_inst|i2c_ctrl:i2c_ctrl_inst|i2c_clk'
Slack : -0.403
TNS   : -3.952

Type  : Slow 1200mV 85C Model Hold 'clk_gen_inst|altpll_component|auto_generated|pll1|clk[2]'
Slack : -0.238
TNS   : -0.238

Type  : Slow 1200mV 85C Model Hold 'clk_gen_inst|altpll_component|auto_generated|pll1|clk[0]'
Slack : 0.426
TNS   : 0.000

Type  : Slow 1200mV 85C Model Recovery 'ov5640_top:ov5640_top_inst|i2c_ctrl:i2c_ctrl_inst|cnt_i2c_clk[0]'
Slack : -3.318
TNS   : -3.318

Type  : Slow 1200mV 85C Model Recovery 'ov5640_pclk'
Slack : -2.054
TNS   : -61.724

Type  : Slow 1200mV 85C Model Removal 'ov5640_pclk'
Slack : -0.308
TNS   : -7.841

Type  : Slow 1200mV 85C Model Removal 'ov5640_top:ov5640_top_inst|i2c_ctrl:i2c_ctrl_inst|cnt_i2c_clk[0]'
Slack : 2.542
TNS   : 0.000

Type  : Slow 1200mV 85C Model Minimum Pulse Width 'ov5640_pclk'
Slack : -3.201
TNS   : -127.783

Type  : Slow 1200mV 85C Model Minimum Pulse Width 'ov5640_top:ov5640_top_inst|i2c_ctrl:i2c_ctrl_inst|i2c_clk'
Slack : -1.487
TNS   : -56.506

Type  : Slow 1200mV 85C Model Minimum Pulse Width 'ov5640_top:ov5640_top_inst|i2c_ctrl:i2c_ctrl_inst|cnt_i2c_clk[0]'
Slack : 0.416
TNS   : 0.000

Type  : Slow 1200mV 85C Model Minimum Pulse Width 'clk_gen_inst|altpll_component|auto_generated|pll1|clk[0]'
Slack : 4.699
TNS   : 0.000

Type  : Slow 1200mV 85C Model Minimum Pulse Width 'sys_clk'
Slack : 9.934
TNS   : 0.000

Type  : Slow 1200mV 85C Model Minimum Pulse Width 'clk_gen_inst|altpll_component|auto_generated|pll1|clk[2]'
Slack : 55.273
TNS   : 0.000

Type  : Slow 1200mV 0C Model Setup 'clk_gen_inst|altpll_component|auto_generated|pll1|clk[0]'
Slack : -3.552
TNS   : -9.304

Type  : Slow 1200mV 0C Model Setup 'ov5640_pclk'
Slack : -2.282
TNS   : -90.417

Type  : Slow 1200mV 0C Model Setup 'ov5640_top:ov5640_top_inst|i2c_ctrl:i2c_ctrl_inst|i2c_clk'
Slack : -2.178
TNS   : -52.470

Type  : Slow 1200mV 0C Model Setup 'clk_gen_inst|altpll_component|auto_generated|pll1|clk[2]'
Slack : -1.859
TNS   : -3.677

Type  : Slow 1200mV 0C Model Hold 'ov5640_top:ov5640_top_inst|i2c_ctrl:i2c_ctrl_inst|i2c_clk'
Slack : -0.379
TNS   : -3.631

Type  : Slow 1200mV 0C Model Hold 'clk_gen_inst|altpll_component|auto_generated|pll1|clk[2]'
Slack : -0.356
TNS   : -0.356

Type  : Slow 1200mV 0C Model Hold 'ov5640_pclk'
Slack : -0.304
TNS   : -0.594

Type  : Slow 1200mV 0C Model Hold 'clk_gen_inst|altpll_component|auto_generated|pll1|clk[0]'
Slack : 0.400
TNS   : 0.000

Type  : Slow 1200mV 0C Model Recovery 'ov5640_top:ov5640_top_inst|i2c_ctrl:i2c_ctrl_inst|cnt_i2c_clk[0]'
Slack : -2.920
TNS   : -2.920

Type  : Slow 1200mV 0C Model Recovery 'ov5640_pclk'
Slack : -1.825
TNS   : -54.275

Type  : Slow 1200mV 0C Model Removal 'ov5640_pclk'
Slack : -0.166
TNS   : -3.406

Type  : Slow 1200mV 0C Model Removal 'ov5640_top:ov5640_top_inst|i2c_ctrl:i2c_ctrl_inst|cnt_i2c_clk[0]'
Slack : 2.291
TNS   : 0.000

Type  : Slow 1200mV 0C Model Minimum Pulse Width 'ov5640_pclk'
Slack : -3.201
TNS   : -127.783

Type  : Slow 1200mV 0C Model Minimum Pulse Width 'ov5640_top:ov5640_top_inst|i2c_ctrl:i2c_ctrl_inst|i2c_clk'
Slack : -1.487
TNS   : -56.506

Type  : Slow 1200mV 0C Model Minimum Pulse Width 'ov5640_top:ov5640_top_inst|i2c_ctrl:i2c_ctrl_inst|cnt_i2c_clk[0]'
Slack : 0.434
TNS   : 0.000

Type  : Slow 1200mV 0C Model Minimum Pulse Width 'clk_gen_inst|altpll_component|auto_generated|pll1|clk[0]'
Slack : 4.669
TNS   : 0.000

Type  : Slow 1200mV 0C Model Minimum Pulse Width 'sys_clk'
Slack : 9.943
TNS   : 0.000

Type  : Slow 1200mV 0C Model Minimum Pulse Width 'clk_gen_inst|altpll_component|auto_generated|pll1|clk[2]'
Slack : 55.270
TNS   : 0.000

Type  : Fast 1200mV 0C Model Setup 'clk_gen_inst|altpll_component|auto_generated|pll1|clk[0]'
Slack : -1.411
TNS   : -2.746

Type  : Fast 1200mV 0C Model Setup 'ov5640_pclk'
Slack : -0.557
TNS   : -12.122

Type  : Fast 1200mV 0C Model Setup 'ov5640_top:ov5640_top_inst|i2c_ctrl:i2c_ctrl_inst|i2c_clk'
Slack : -0.548
TNS   : -6.052

Type  : Fast 1200mV 0C Model Setup 'clk_gen_inst|altpll_component|auto_generated|pll1|clk[2]'
Slack : -0.453
TNS   : -0.768

Type  : Fast 1200mV 0C Model Hold 'ov5640_pclk'
Slack : -0.494
TNS   : -0.974

Type  : Fast 1200mV 0C Model Hold 'ov5640_top:ov5640_top_inst|i2c_ctrl:i2c_ctrl_inst|i2c_clk'
Slack : -0.264
TNS   : -1.842

Type  : Fast 1200mV 0C Model Hold 'clk_gen_inst|altpll_component|auto_generated|pll1|clk[2]'
Slack : -0.061
TNS   : -0.061

Type  : Fast 1200mV 0C Model Hold 'clk_gen_inst|altpll_component|auto_generated|pll1|clk[0]'
Slack : 0.152
TNS   : 0.000

Type  : Fast 1200mV 0C Model Recovery 'ov5640_top:ov5640_top_inst|i2c_ctrl:i2c_ctrl_inst|cnt_i2c_clk[0]'
Slack : -1.262
TNS   : -1.262

Type  : Fast 1200mV 0C Model Recovery 'ov5640_pclk'
Slack : -0.638
TNS   : -18.003

Type  : Fast 1200mV 0C Model Removal 'ov5640_pclk'
Slack : -0.381
TNS   : -11.227

Type  : Fast 1200mV 0C Model Removal 'ov5640_top:ov5640_top_inst|i2c_ctrl:i2c_ctrl_inst|cnt_i2c_clk[0]'
Slack : 1.504
TNS   : 0.000

Type  : Fast 1200mV 0C Model Minimum Pulse Width 'ov5640_pclk'
Slack : -3.000
TNS   : -85.382

Type  : Fast 1200mV 0C Model Minimum Pulse Width 'ov5640_top:ov5640_top_inst|i2c_ctrl:i2c_ctrl_inst|i2c_clk'
Slack : -1.000
TNS   : -38.000

Type  : Fast 1200mV 0C Model Minimum Pulse Width 'ov5640_top:ov5640_top_inst|i2c_ctrl:i2c_ctrl_inst|cnt_i2c_clk[0]'
Slack : 0.425
TNS   : 0.000

Type  : Fast 1200mV 0C Model Minimum Pulse Width 'clk_gen_inst|altpll_component|auto_generated|pll1|clk[0]'
Slack : 4.734
TNS   : 0.000

Type  : Fast 1200mV 0C Model Minimum Pulse Width 'sys_clk'
Slack : 9.594
TNS   : 0.000

Type  : Fast 1200mV 0C Model Minimum Pulse Width 'clk_gen_inst|altpll_component|auto_generated|pll1|clk[2]'
Slack : 55.292
TNS   : 0.000

------------------------------------------------------------
