------------------------------------------------------------
TimeQuest Timing Analyzer Summary
------------------------------------------------------------

Type  : Slow 1200mV 85C Model Setup 'clk_gen_inst|altpll_component|auto_generated|pll1|clk[0]'
Slack : -2.275
TNS   : -3.472

Type  : Slow 1200mV 85C Model Setup 'clk_gen_inst|altpll_component|auto_generated|pll1|clk[1]'
Slack : -1.957
TNS   : -3.902

Type  : Slow 1200mV 85C Model Setup 'eth_rx_clk'
Slack : 20.460
TNS   : 0.000

Type  : Slow 1200mV 85C Model Hold 'clk_gen_inst|altpll_component|auto_generated|pll1|clk[1]'
Slack : 0.407
TNS   : 0.000

Type  : Slow 1200mV 85C Model Hold 'clk_gen_inst|altpll_component|auto_generated|pll1|clk[0]'
Slack : 0.453
TNS   : 0.000

Type  : Slow 1200mV 85C Model Hold 'eth_rx_clk'
Slack : 0.485
TNS   : 0.000

Type  : Slow 1200mV 85C Model Recovery 'clk_gen_inst|altpll_component|auto_generated|pll1|clk[0]'
Slack : -0.881
TNS   : -16.160

Type  : Slow 1200mV 85C Model Removal 'clk_gen_inst|altpll_component|auto_generated|pll1|clk[0]'
Slack : 1.095
TNS   : 0.000

Type  : Slow 1200mV 85C Model Minimum Pulse Width 'clk_gen_inst|altpll_component|auto_generated|pll1|clk[1]'
Slack : 4.716
TNS   : 0.000

Type  : Slow 1200mV 85C Model Minimum Pulse Width 'sys_clk'
Slack : 9.934
TNS   : 0.000

Type  : Slow 1200mV 85C Model Minimum Pulse Width 'eth_rx_clk'
Slack : 19.363
TNS   : 0.000

Type  : Slow 1200mV 85C Model Minimum Pulse Width 'clk_gen_inst|altpll_component|auto_generated|pll1|clk[0]'
Slack : 55.258
TNS   : 0.000

Type  : Slow 1200mV 0C Model Setup 'clk_gen_inst|altpll_component|auto_generated|pll1|clk[0]'
Slack : -2.082
TNS   : -3.099

Type  : Slow 1200mV 0C Model Setup 'clk_gen_inst|altpll_component|auto_generated|pll1|clk[1]'
Slack : -1.798
TNS   : -3.580

Type  : Slow 1200mV 0C Model Setup 'eth_rx_clk'
Slack : 20.628
TNS   : 0.000

Type  : Slow 1200mV 0C Model Hold 'clk_gen_inst|altpll_component|auto_generated|pll1|clk[1]'
Slack : 0.383
TNS   : 0.000

Type  : Slow 1200mV 0C Model Hold 'clk_gen_inst|altpll_component|auto_generated|pll1|clk[0]'
Slack : 0.401
TNS   : 0.000

Type  : Slow 1200mV 0C Model Hold 'eth_rx_clk'
Slack : 0.432
TNS   : 0.000

Type  : Slow 1200mV 0C Model Recovery 'clk_gen_inst|altpll_component|auto_generated|pll1|clk[0]'
Slack : -0.731
TNS   : -12.750

Type  : Slow 1200mV 0C Model Removal 'clk_gen_inst|altpll_component|auto_generated|pll1|clk[0]'
Slack : 1.013
TNS   : 0.000

Type  : Slow 1200mV 0C Model Minimum Pulse Width 'clk_gen_inst|altpll_component|auto_generated|pll1|clk[1]'
Slack : 4.715
TNS   : 0.000

Type  : Slow 1200mV 0C Model Minimum Pulse Width 'sys_clk'
Slack : 9.943
TNS   : 0.000

Type  : Slow 1200mV 0C Model Minimum Pulse Width 'eth_rx_clk'
Slack : 19.131
TNS   : 0.000

Type  : Slow 1200mV 0C Model Minimum Pulse Width 'clk_gen_inst|altpll_component|auto_generated|pll1|clk[0]'
Slack : 55.229
TNS   : 0.000

Type  : Fast 1200mV 0C Model Setup 'clk_gen_inst|altpll_component|auto_generated|pll1|clk[0]'
Slack : -0.448
TNS   : -0.448

Type  : Fast 1200mV 0C Model Setup 'clk_gen_inst|altpll_component|auto_generated|pll1|clk[1]'
Slack : -0.233
TNS   : -0.463

Type  : Fast 1200mV 0C Model Setup 'eth_rx_clk'
Slack : 19.768
TNS   : 0.000

Type  : Fast 1200mV 0C Model Hold 'clk_gen_inst|altpll_component|auto_generated|pll1|clk[1]'
Slack : 0.146
TNS   : 0.000

Type  : Fast 1200mV 0C Model Hold 'clk_gen_inst|altpll_component|auto_generated|pll1|clk[0]'
Slack : 0.187
TNS   : 0.000

Type  : Fast 1200mV 0C Model Hold 'eth_rx_clk'
Slack : 0.199
TNS   : 0.000

Type  : Fast 1200mV 0C Model Recovery 'clk_gen_inst|altpll_component|auto_generated|pll1|clk[0]'
Slack : 0.205
TNS   : 0.000

Type  : Fast 1200mV 0C Model Removal 'clk_gen_inst|altpll_component|auto_generated|pll1|clk[0]'
Slack : 0.448
TNS   : 0.000

Type  : Fast 1200mV 0C Model Minimum Pulse Width 'clk_gen_inst|altpll_component|auto_generated|pll1|clk[1]'
Slack : 4.734
TNS   : 0.000

Type  : Fast 1200mV 0C Model Minimum Pulse Width 'sys_clk'
Slack : 9.594
TNS   : 0.000

Type  : Fast 1200mV 0C Model Minimum Pulse Width 'eth_rx_clk'
Slack : 19.264
TNS   : 0.000

Type  : Fast 1200mV 0C Model Minimum Pulse Width 'clk_gen_inst|altpll_component|auto_generated|pll1|clk[0]'
Slack : 55.292
TNS   : 0.000

------------------------------------------------------------
