------------------------------------------------------------
TimeQuest Timing Analyzer Summary
------------------------------------------------------------

Type  : Slow 1200mV 85C Model Setup 'sys_clk'
Slack : -23.746
TNS   : -436.828

Type  : Slow 1200mV 85C Model Setup 'dht11_ctrl:dht11_ctrl_inst|clk_1us'
Slack : -6.049
TNS   : -516.415

Type  : Slow 1200mV 85C Model Setup 'seg_595_dynamic:seg_595_dynamic_inst|seg_dynamic:seg_dynamic_inst|clk_1k'
Slack : -1.275
TNS   : -12.022

Type  : Slow 1200mV 85C Model Hold 'sys_clk'
Slack : -0.098
TNS   : -0.158

Type  : Slow 1200mV 85C Model Hold 'seg_595_dynamic:seg_595_dynamic_inst|seg_dynamic:seg_dynamic_inst|clk_1k'
Slack : -0.035
TNS   : -0.035

Type  : Slow 1200mV 85C Model Hold 'dht11_ctrl:dht11_ctrl_inst|clk_1us'
Slack : 0.453
TNS   : 0.000

Type  : Slow 1200mV 85C Model Minimum Pulse Width 'sys_clk'
Slack : -3.000
TNS   : -117.499

Type  : Slow 1200mV 85C Model Minimum Pulse Width 'dht11_ctrl:dht11_ctrl_inst|clk_1us'
Slack : -1.487
TNS   : -173.979

Type  : Slow 1200mV 85C Model Minimum Pulse Width 'seg_595_dynamic:seg_595_dynamic_inst|seg_dynamic:seg_dynamic_inst|clk_1k'
Slack : -1.487
TNS   : -19.331

Type  : Slow 1200mV 0C Model Setup 'sys_clk'
Slack : -21.554
TNS   : -395.457

Type  : Slow 1200mV 0C Model Setup 'dht11_ctrl:dht11_ctrl_inst|clk_1us'
Slack : -5.632
TNS   : -470.547

Type  : Slow 1200mV 0C Model Setup 'seg_595_dynamic:seg_595_dynamic_inst|seg_dynamic:seg_dynamic_inst|clk_1k'
Slack : -1.070
TNS   : -10.360

Type  : Slow 1200mV 0C Model Hold 'seg_595_dynamic:seg_595_dynamic_inst|seg_dynamic:seg_dynamic_inst|clk_1k'
Slack : -0.107
TNS   : -0.107

Type  : Slow 1200mV 0C Model Hold 'sys_clk'
Slack : -0.071
TNS   : -0.117

Type  : Slow 1200mV 0C Model Hold 'dht11_ctrl:dht11_ctrl_inst|clk_1us'
Slack : 0.402
TNS   : 0.000

Type  : Slow 1200mV 0C Model Minimum Pulse Width 'sys_clk'
Slack : -3.000
TNS   : -117.499

Type  : Slow 1200mV 0C Model Minimum Pulse Width 'dht11_ctrl:dht11_ctrl_inst|clk_1us'
Slack : -1.487
TNS   : -173.979

Type  : Slow 1200mV 0C Model Minimum Pulse Width 'seg_595_dynamic:seg_595_dynamic_inst|seg_dynamic:seg_dynamic_inst|clk_1k'
Slack : -1.487
TNS   : -19.331

Type  : Fast 1200mV 0C Model Setup 'sys_clk'
Slack : -9.612
TNS   : -148.220

Type  : Fast 1200mV 0C Model Setup 'dht11_ctrl:dht11_ctrl_inst|clk_1us'
Slack : -2.000
TNS   : -153.043

Type  : Fast 1200mV 0C Model Setup 'seg_595_dynamic:seg_595_dynamic_inst|seg_dynamic:seg_dynamic_inst|clk_1k'
Slack : 0.015
TNS   : 0.000

Type  : Fast 1200mV 0C Model Hold 'sys_clk'
Slack : -0.222
TNS   : -0.358

Type  : Fast 1200mV 0C Model Hold 'seg_595_dynamic:seg_595_dynamic_inst|seg_dynamic:seg_dynamic_inst|clk_1k'
Slack : -0.055
TNS   : -0.055

Type  : Fast 1200mV 0C Model Hold 'dht11_ctrl:dht11_ctrl_inst|clk_1us'
Slack : 0.187
TNS   : 0.000

Type  : Fast 1200mV 0C Model Minimum Pulse Width 'sys_clk'
Slack : -3.000
TNS   : -84.995

Type  : Fast 1200mV 0C Model Minimum Pulse Width 'dht11_ctrl:dht11_ctrl_inst|clk_1us'
Slack : -1.000
TNS   : -117.000

Type  : Fast 1200mV 0C Model Minimum Pulse Width 'seg_595_dynamic:seg_595_dynamic_inst|seg_dynamic:seg_dynamic_inst|clk_1k'
Slack : -1.000
TNS   : -13.000

------------------------------------------------------------
