------------------------------------------------------------
TimeQuest Timing Analyzer Summary
------------------------------------------------------------

Type  : Slow 1200mV 85C Model Setup 'clk_gen_inst|altpll_component|auto_generated|pll1|clk[1]'
Slack : 3.980
TNS   : 0.000

Type  : Slow 1200mV 85C Model Setup 'clk_gen_inst|altpll_component|auto_generated|pll1|clk[0]'
Slack : 5.870
TNS   : 0.000

Type  : Slow 1200mV 85C Model Setup 'eth_rx_clk'
Slack : 20.565
TNS   : 0.000

Type  : Slow 1200mV 85C Model Hold 'clk_gen_inst|altpll_component|auto_generated|pll1|clk[1]'
Slack : 0.403
TNS   : 0.000

Type  : Slow 1200mV 85C Model Hold 'clk_gen_inst|altpll_component|auto_generated|pll1|clk[0]'
Slack : 0.453
TNS   : 0.000

Type  : Slow 1200mV 85C Model Hold 'eth_rx_clk'
Slack : 0.485
TNS   : 0.000

Type  : Slow 1200mV 85C Model Recovery 'clk_gen_inst|altpll_component|auto_generated|pll1|clk[0]'
Slack : 6.492
TNS   : 0.000

Type  : Slow 1200mV 85C Model Removal 'clk_gen_inst|altpll_component|auto_generated|pll1|clk[0]'
Slack : 2.575
TNS   : 0.000

Type  : Slow 1200mV 85C Model Minimum Pulse Width 'clk_gen_inst|altpll_component|auto_generated|pll1|clk[1]'
Slack : 4.715
TNS   : 0.000

Type  : Slow 1200mV 85C Model Minimum Pulse Width 'sys_clk'
Slack : 9.934
TNS   : 0.000

Type  : Slow 1200mV 85C Model Minimum Pulse Width 'eth_rx_clk'
Slack : 19.240
TNS   : 0.000

Type  : Slow 1200mV 85C Model Minimum Pulse Width 'clk_gen_inst|altpll_component|auto_generated|pll1|clk[0]'
Slack : 19.720
TNS   : 0.000

Type  : Slow 1200mV 0C Model Setup 'clk_gen_inst|altpll_component|auto_generated|pll1|clk[1]'
Slack : 4.384
TNS   : 0.000

Type  : Slow 1200mV 0C Model Setup 'clk_gen_inst|altpll_component|auto_generated|pll1|clk[0]'
Slack : 6.063
TNS   : 0.000

Type  : Slow 1200mV 0C Model Setup 'eth_rx_clk'
Slack : 20.826
TNS   : 0.000

Type  : Slow 1200mV 0C Model Hold 'clk_gen_inst|altpll_component|auto_generated|pll1|clk[1]'
Slack : 0.377
TNS   : 0.000

Type  : Slow 1200mV 0C Model Hold 'clk_gen_inst|altpll_component|auto_generated|pll1|clk[0]'
Slack : 0.401
TNS   : 0.000

Type  : Slow 1200mV 0C Model Hold 'eth_rx_clk'
Slack : 0.432
TNS   : 0.000

Type  : Slow 1200mV 0C Model Recovery 'clk_gen_inst|altpll_component|auto_generated|pll1|clk[0]'
Slack : 6.704
TNS   : 0.000

Type  : Slow 1200mV 0C Model Removal 'clk_gen_inst|altpll_component|auto_generated|pll1|clk[0]'
Slack : 2.307
TNS   : 0.000

Type  : Slow 1200mV 0C Model Minimum Pulse Width 'clk_gen_inst|altpll_component|auto_generated|pll1|clk[1]'
Slack : 4.715
TNS   : 0.000

Type  : Slow 1200mV 0C Model Minimum Pulse Width 'sys_clk'
Slack : 9.943
TNS   : 0.000

Type  : Slow 1200mV 0C Model Minimum Pulse Width 'eth_rx_clk'
Slack : 18.915
TNS   : 0.000

Type  : Slow 1200mV 0C Model Minimum Pulse Width 'clk_gen_inst|altpll_component|auto_generated|pll1|clk[0]'
Slack : 19.717
TNS   : 0.000

Type  : Fast 1200mV 0C Model Setup 'clk_gen_inst|altpll_component|auto_generated|pll1|clk[1]'
Slack : 7.277
TNS   : 0.000

Type  : Fast 1200mV 0C Model Setup 'clk_gen_inst|altpll_component|auto_generated|pll1|clk[0]'
Slack : 8.198
TNS   : 0.000

Type  : Fast 1200mV 0C Model Setup 'eth_rx_clk'
Slack : 19.665
TNS   : 0.000

Type  : Fast 1200mV 0C Model Hold 'clk_gen_inst|altpll_component|auto_generated|pll1|clk[1]'
Slack : 0.141
TNS   : 0.000

Type  : Fast 1200mV 0C Model Hold 'clk_gen_inst|altpll_component|auto_generated|pll1|clk[0]'
Slack : 0.186
TNS   : 0.000

Type  : Fast 1200mV 0C Model Hold 'eth_rx_clk'
Slack : 0.199
TNS   : 0.000

Type  : Fast 1200mV 0C Model Recovery 'clk_gen_inst|altpll_component|auto_generated|pll1|clk[0]'
Slack : 8.359
TNS   : 0.000

Type  : Fast 1200mV 0C Model Removal 'clk_gen_inst|altpll_component|auto_generated|pll1|clk[0]'
Slack : 1.117
TNS   : 0.000

Type  : Fast 1200mV 0C Model Minimum Pulse Width 'clk_gen_inst|altpll_component|auto_generated|pll1|clk[1]'
Slack : 4.734
TNS   : 0.000

Type  : Fast 1200mV 0C Model Minimum Pulse Width 'sys_clk'
Slack : 9.594
TNS   : 0.000

Type  : Fast 1200mV 0C Model Minimum Pulse Width 'eth_rx_clk'
Slack : 19.285
TNS   : 0.000

Type  : Fast 1200mV 0C Model Minimum Pulse Width 'clk_gen_inst|altpll_component|auto_generated|pll1|clk[0]'
Slack : 19.737
TNS   : 0.000

------------------------------------------------------------
