------------------------------------------------------------
TimeQuest Timing Analyzer Summary
------------------------------------------------------------

Type  : Slow 1200mV 85C Model Setup 'sys_clk'
Slack : -19.233
TNS   : -407.751

Type  : Slow 1200mV 85C Model Setup 'i2c_ctrl:i2c_ctrl_inst|state.RD_DATA'
Slack : -6.482
TNS   : -9.399

Type  : Slow 1200mV 85C Model Setup 'i2c_ctrl:i2c_ctrl_inst|i2c_clk'
Slack : -3.866
TNS   : -383.395

Type  : Slow 1200mV 85C Model Setup 'seg_595_dynamic:seg_595_dynamic_inst|seg_dynamic:seg_dynamic_inst|clk_1k'
Slack : -1.396
TNS   : -10.975

Type  : Slow 1200mV 85C Model Setup 'i2c_ctrl:i2c_ctrl_inst|cnt_i2c_clk[0]'
Slack : -0.670
TNS   : -0.670

Type  : Slow 1200mV 85C Model Hold 'i2c_ctrl:i2c_ctrl_inst|cnt_i2c_clk[0]'
Slack : -2.584
TNS   : -14.551

Type  : Slow 1200mV 85C Model Hold 'i2c_ctrl:i2c_ctrl_inst|state.RD_DATA'
Slack : -0.941
TNS   : -4.636

Type  : Slow 1200mV 85C Model Hold 'i2c_ctrl:i2c_ctrl_inst|i2c_clk'
Slack : -0.732
TNS   : -10.097

Type  : Slow 1200mV 85C Model Hold 'sys_clk'
Slack : 0.049
TNS   : 0.000

Type  : Slow 1200mV 85C Model Hold 'seg_595_dynamic:seg_595_dynamic_inst|seg_dynamic:seg_dynamic_inst|clk_1k'
Slack : 0.336
TNS   : 0.000

Type  : Slow 1200mV 85C Model Recovery 'i2c_ctrl:i2c_ctrl_inst|cnt_i2c_clk[0]'
Slack : -3.741
TNS   : -3.741

Type  : Slow 1200mV 85C Model Removal 'i2c_ctrl:i2c_ctrl_inst|cnt_i2c_clk[0]'
Slack : 2.496
TNS   : 0.000

Type  : Slow 1200mV 85C Model Minimum Pulse Width 'i2c_ctrl:i2c_ctrl_inst|i2c_clk'
Slack : -3.201
TNS   : -241.802

Type  : Slow 1200mV 85C Model Minimum Pulse Width 'sys_clk'
Slack : -3.000
TNS   : -168.057

Type  : Slow 1200mV 85C Model Minimum Pulse Width 'seg_595_dynamic:seg_595_dynamic_inst|seg_dynamic:seg_dynamic_inst|clk_1k'
Slack : -1.487
TNS   : -19.331

Type  : Slow 1200mV 85C Model Minimum Pulse Width 'i2c_ctrl:i2c_ctrl_inst|state.RD_DATA'
Slack : 0.261
TNS   : 0.000

Type  : Slow 1200mV 85C Model Minimum Pulse Width 'i2c_ctrl:i2c_ctrl_inst|cnt_i2c_clk[0]'
Slack : 0.323
TNS   : 0.000

Type  : Slow 1200mV 0C Model Setup 'sys_clk'
Slack : -17.410
TNS   : -365.767

Type  : Slow 1200mV 0C Model Setup 'i2c_ctrl:i2c_ctrl_inst|state.RD_DATA'
Slack : -5.838
TNS   : -9.297

Type  : Slow 1200mV 0C Model Setup 'i2c_ctrl:i2c_ctrl_inst|i2c_clk'
Slack : -3.544
TNS   : -352.351

Type  : Slow 1200mV 0C Model Setup 'seg_595_dynamic:seg_595_dynamic_inst|seg_dynamic:seg_dynamic_inst|clk_1k'
Slack : -1.183
TNS   : -9.262

Type  : Slow 1200mV 0C Model Setup 'i2c_ctrl:i2c_ctrl_inst|cnt_i2c_clk[0]'
Slack : -0.600
TNS   : -0.600

Type  : Slow 1200mV 0C Model Hold 'i2c_ctrl:i2c_ctrl_inst|cnt_i2c_clk[0]'
Slack : -2.304
TNS   : -13.146

Type  : Slow 1200mV 0C Model Hold 'i2c_ctrl:i2c_ctrl_inst|state.RD_DATA'
Slack : -0.815
TNS   : -4.235

Type  : Slow 1200mV 0C Model Hold 'i2c_ctrl:i2c_ctrl_inst|i2c_clk'
Slack : -0.670
TNS   : -9.268

Type  : Slow 1200mV 0C Model Hold 'sys_clk'
Slack : 0.072
TNS   : 0.000

Type  : Slow 1200mV 0C Model Hold 'seg_595_dynamic:seg_595_dynamic_inst|seg_dynamic:seg_dynamic_inst|clk_1k'
Slack : 0.232
TNS   : 0.000

Type  : Slow 1200mV 0C Model Recovery 'i2c_ctrl:i2c_ctrl_inst|cnt_i2c_clk[0]'
Slack : -3.212
TNS   : -3.212

Type  : Slow 1200mV 0C Model Removal 'i2c_ctrl:i2c_ctrl_inst|cnt_i2c_clk[0]'
Slack : 2.143
TNS   : 0.000

Type  : Slow 1200mV 0C Model Minimum Pulse Width 'i2c_ctrl:i2c_ctrl_inst|i2c_clk'
Slack : -3.201
TNS   : -241.802

Type  : Slow 1200mV 0C Model Minimum Pulse Width 'sys_clk'
Slack : -3.000
TNS   : -168.057

Type  : Slow 1200mV 0C Model Minimum Pulse Width 'seg_595_dynamic:seg_595_dynamic_inst|seg_dynamic:seg_dynamic_inst|clk_1k'
Slack : -1.487
TNS   : -19.331

Type  : Slow 1200mV 0C Model Minimum Pulse Width 'i2c_ctrl:i2c_ctrl_inst|state.RD_DATA'
Slack : 0.054
TNS   : 0.000

Type  : Slow 1200mV 0C Model Minimum Pulse Width 'i2c_ctrl:i2c_ctrl_inst|cnt_i2c_clk[0]'
Slack : 0.221
TNS   : 0.000

Type  : Fast 1200mV 0C Model Setup 'sys_clk'
Slack : -7.812
TNS   : -116.943

Type  : Fast 1200mV 0C Model Setup 'i2c_ctrl:i2c_ctrl_inst|state.RD_DATA'
Slack : -2.670
TNS   : -2.978

Type  : Fast 1200mV 0C Model Setup 'i2c_ctrl:i2c_ctrl_inst|i2c_clk'
Slack : -1.097
TNS   : -76.953

Type  : Fast 1200mV 0C Model Setup 'i2c_ctrl:i2c_ctrl_inst|cnt_i2c_clk[0]'
Slack : -0.086
TNS   : -0.086

Type  : Fast 1200mV 0C Model Setup 'seg_595_dynamic:seg_595_dynamic_inst|seg_dynamic:seg_dynamic_inst|clk_1k'
Slack : -0.049
TNS   : -0.049

Type  : Fast 1200mV 0C Model Hold 'i2c_ctrl:i2c_ctrl_inst|cnt_i2c_clk[0]'
Slack : -1.156
TNS   : -6.374

Type  : Fast 1200mV 0C Model Hold 'i2c_ctrl:i2c_ctrl_inst|i2c_clk'
Slack : -0.509
TNS   : -6.661

Type  : Fast 1200mV 0C Model Hold 'i2c_ctrl:i2c_ctrl_inst|state.RD_DATA'
Slack : -0.436
TNS   : -1.998

Type  : Fast 1200mV 0C Model Hold 'sys_clk'
Slack : -0.156
TNS   : -0.252

Type  : Fast 1200mV 0C Model Hold 'seg_595_dynamic:seg_595_dynamic_inst|seg_dynamic:seg_dynamic_inst|clk_1k'
Slack : 0.117
TNS   : 0.000

Type  : Fast 1200mV 0C Model Recovery 'i2c_ctrl:i2c_ctrl_inst|cnt_i2c_clk[0]'
Slack : -1.563
TNS   : -1.563

Type  : Fast 1200mV 0C Model Removal 'i2c_ctrl:i2c_ctrl_inst|cnt_i2c_clk[0]'
Slack : 1.612
TNS   : 0.000

Type  : Fast 1200mV 0C Model Minimum Pulse Width 'sys_clk'
Slack : -3.000
TNS   : -121.208

Type  : Fast 1200mV 0C Model Minimum Pulse Width 'i2c_ctrl:i2c_ctrl_inst|i2c_clk'
Slack : -1.000
TNS   : -158.000

Type  : Fast 1200mV 0C Model Minimum Pulse Width 'seg_595_dynamic:seg_595_dynamic_inst|seg_dynamic:seg_dynamic_inst|clk_1k'
Slack : -1.000
TNS   : -13.000

Type  : Fast 1200mV 0C Model Minimum Pulse Width 'i2c_ctrl:i2c_ctrl_inst|state.RD_DATA'
Slack : 0.366
TNS   : 0.000

Type  : Fast 1200mV 0C Model Minimum Pulse Width 'i2c_ctrl:i2c_ctrl_inst|cnt_i2c_clk[0]'
Slack : 0.367
TNS   : 0.000

------------------------------------------------------------
