------------------------------------------------------------
TimeQuest Timing Analyzer Summary
------------------------------------------------------------

Type  : Slow 1200mV 85C Model Setup 'sys_clk'
Slack : -240.412
TNS   : -9046.169

Type  : Slow 1200mV 85C Model Setup 'freq_meter_calc_inst|clk_gen_inst|altpll_component|auto_generated|pll1|clk[0]'
Slack : -5.157
TNS   : -453.753

Type  : Slow 1200mV 85C Model Setup 'clk_test'
Slack : -3.339
TNS   : -238.610

Type  : Slow 1200mV 85C Model Setup 'seg_595_dynamic:seg_595_dynamic_inst|seg_dynamic:seg_dynamic_inst|clk_1k'
Slack : -2.496
TNS   : -14.973

Type  : Slow 1200mV 85C Model Hold 'sys_clk'
Slack : -0.071
TNS   : -0.071

Type  : Slow 1200mV 85C Model Hold 'clk_test'
Slack : 0.291
TNS   : 0.000

Type  : Slow 1200mV 85C Model Hold 'seg_595_dynamic:seg_595_dynamic_inst|seg_dynamic:seg_dynamic_inst|clk_1k'
Slack : 0.453
TNS   : 0.000

Type  : Slow 1200mV 85C Model Hold 'freq_meter_calc_inst|clk_gen_inst|altpll_component|auto_generated|pll1|clk[0]'
Slack : 0.759
TNS   : 0.000

Type  : Slow 1200mV 85C Model Minimum Pulse Width 'clk_test'
Slack : -4.000
TNS   : -265.198

Type  : Slow 1200mV 85C Model Minimum Pulse Width 'seg_595_dynamic:seg_595_dynamic_inst|seg_dynamic:seg_dynamic_inst|clk_1k'
Slack : -1.487
TNS   : -19.331

Type  : Slow 1200mV 85C Model Minimum Pulse Width 'freq_meter_calc_inst|clk_gen_inst|altpll_component|auto_generated|pll1|clk[0]'
Slack : 4.696
TNS   : 0.000

Type  : Slow 1200mV 85C Model Minimum Pulse Width 'sys_clk'
Slack : 9.766
TNS   : 0.000

Type  : Slow 1200mV 0C Model Setup 'sys_clk'
Slack : -217.137
TNS   : -8148.362

Type  : Slow 1200mV 0C Model Setup 'freq_meter_calc_inst|clk_gen_inst|altpll_component|auto_generated|pll1|clk[0]'
Slack : -4.843
TNS   : -426.719

Type  : Slow 1200mV 0C Model Setup 'clk_test'
Slack : -3.052
TNS   : -214.694

Type  : Slow 1200mV 0C Model Setup 'seg_595_dynamic:seg_595_dynamic_inst|seg_dynamic:seg_dynamic_inst|clk_1k'
Slack : -2.339
TNS   : -13.524

Type  : Slow 1200mV 0C Model Hold 'sys_clk'
Slack : -0.050
TNS   : -0.050

Type  : Slow 1200mV 0C Model Hold 'clk_test'
Slack : 0.155
TNS   : 0.000

Type  : Slow 1200mV 0C Model Hold 'seg_595_dynamic:seg_595_dynamic_inst|seg_dynamic:seg_dynamic_inst|clk_1k'
Slack : 0.403
TNS   : 0.000

Type  : Slow 1200mV 0C Model Hold 'freq_meter_calc_inst|clk_gen_inst|altpll_component|auto_generated|pll1|clk[0]'
Slack : 0.703
TNS   : 0.000

Type  : Slow 1200mV 0C Model Minimum Pulse Width 'clk_test'
Slack : -4.000
TNS   : -266.908

Type  : Slow 1200mV 0C Model Minimum Pulse Width 'seg_595_dynamic:seg_595_dynamic_inst|seg_dynamic:seg_dynamic_inst|clk_1k'
Slack : -1.487
TNS   : -19.331

Type  : Slow 1200mV 0C Model Minimum Pulse Width 'freq_meter_calc_inst|clk_gen_inst|altpll_component|auto_generated|pll1|clk[0]'
Slack : 4.663
TNS   : 0.000

Type  : Slow 1200mV 0C Model Minimum Pulse Width 'sys_clk'
Slack : 9.725
TNS   : 0.000

Type  : Fast 1200mV 0C Model Setup 'sys_clk'
Slack : -101.073
TNS   : -3550.826

Type  : Fast 1200mV 0C Model Setup 'freq_meter_calc_inst|clk_gen_inst|altpll_component|auto_generated|pll1|clk[0]'
Slack : -1.686
TNS   : -147.393

Type  : Fast 1200mV 0C Model Setup 'clk_test'
Slack : -0.959
TNS   : -57.662

Type  : Fast 1200mV 0C Model Setup 'seg_595_dynamic:seg_595_dynamic_inst|seg_dynamic:seg_dynamic_inst|clk_1k'
Slack : -0.636
TNS   : -2.278

Type  : Fast 1200mV 0C Model Hold 'sys_clk'
Slack : -0.200
TNS   : -0.200

Type  : Fast 1200mV 0C Model Hold 'clk_test'
Slack : 0.156
TNS   : 0.000

Type  : Fast 1200mV 0C Model Hold 'seg_595_dynamic:seg_595_dynamic_inst|seg_dynamic:seg_dynamic_inst|clk_1k'
Slack : 0.187
TNS   : 0.000

Type  : Fast 1200mV 0C Model Hold 'freq_meter_calc_inst|clk_gen_inst|altpll_component|auto_generated|pll1|clk[0]'
Slack : 0.302
TNS   : 0.000

Type  : Fast 1200mV 0C Model Minimum Pulse Width 'clk_test'
Slack : -3.000
TNS   : -103.130

Type  : Fast 1200mV 0C Model Minimum Pulse Width 'seg_595_dynamic:seg_595_dynamic_inst|seg_dynamic:seg_dynamic_inst|clk_1k'
Slack : -1.000
TNS   : -13.000

Type  : Fast 1200mV 0C Model Minimum Pulse Width 'freq_meter_calc_inst|clk_gen_inst|altpll_component|auto_generated|pll1|clk[0]'
Slack : 4.769
TNS   : 0.000

Type  : Fast 1200mV 0C Model Minimum Pulse Width 'sys_clk'
Slack : 9.407
TNS   : 0.000

------------------------------------------------------------
