------------------------------------------------------------
TimeQuest Timing Analyzer Summary
------------------------------------------------------------

Type  : Slow 1200mV 85C Model Setup 'adc:adc_inst|clk_sample'
Slack : -93.478
TNS   : -1490.520

Type  : Slow 1200mV 85C Model Setup 'sys_clk'
Slack : -34.146
TNS   : -556.329

Type  : Slow 1200mV 85C Model Setup 'seg_595_dynamic:seg_595_dynamic_inst|seg_dynamic:seg_dynamic_inst|clk_1k'
Slack : -1.816
TNS   : -13.894

Type  : Slow 1200mV 85C Model Hold 'sys_clk'
Slack : -0.143
TNS   : -0.143

Type  : Slow 1200mV 85C Model Hold 'seg_595_dynamic:seg_595_dynamic_inst|seg_dynamic:seg_dynamic_inst|clk_1k'
Slack : 0.453
TNS   : 0.000

Type  : Slow 1200mV 85C Model Hold 'adc:adc_inst|clk_sample'
Slack : 0.454
TNS   : 0.000

Type  : Slow 1200mV 85C Model Minimum Pulse Width 'sys_clk'
Slack : -3.000
TNS   : -83.298

Type  : Slow 1200mV 85C Model Minimum Pulse Width 'adc:adc_inst|clk_sample'
Slack : -1.487
TNS   : -78.811

Type  : Slow 1200mV 85C Model Minimum Pulse Width 'seg_595_dynamic:seg_595_dynamic_inst|seg_dynamic:seg_dynamic_inst|clk_1k'
Slack : -1.487
TNS   : -19.331

Type  : Slow 1200mV 0C Model Setup 'adc:adc_inst|clk_sample'
Slack : -85.222
TNS   : -1359.796

Type  : Slow 1200mV 0C Model Setup 'sys_clk'
Slack : -31.220
TNS   : -507.842

Type  : Slow 1200mV 0C Model Setup 'seg_595_dynamic:seg_595_dynamic_inst|seg_dynamic:seg_dynamic_inst|clk_1k'
Slack : -1.672
TNS   : -12.504

Type  : Slow 1200mV 0C Model Hold 'sys_clk'
Slack : -0.123
TNS   : -0.123

Type  : Slow 1200mV 0C Model Hold 'seg_595_dynamic:seg_595_dynamic_inst|seg_dynamic:seg_dynamic_inst|clk_1k'
Slack : 0.401
TNS   : 0.000

Type  : Slow 1200mV 0C Model Hold 'adc:adc_inst|clk_sample'
Slack : 0.402
TNS   : 0.000

Type  : Slow 1200mV 0C Model Minimum Pulse Width 'sys_clk'
Slack : -3.000
TNS   : -83.298

Type  : Slow 1200mV 0C Model Minimum Pulse Width 'adc:adc_inst|clk_sample'
Slack : -1.487
TNS   : -78.817

Type  : Slow 1200mV 0C Model Minimum Pulse Width 'seg_595_dynamic:seg_595_dynamic_inst|seg_dynamic:seg_dynamic_inst|clk_1k'
Slack : -1.487
TNS   : -19.331

Type  : Fast 1200mV 0C Model Setup 'adc:adc_inst|clk_sample'
Slack : -39.776
TNS   : -613.394

Type  : Fast 1200mV 0C Model Setup 'sys_clk'
Slack : -14.048
TNS   : -210.561

Type  : Fast 1200mV 0C Model Setup 'seg_595_dynamic:seg_595_dynamic_inst|seg_dynamic:seg_dynamic_inst|clk_1k'
Slack : -0.327
TNS   : -0.993

Type  : Fast 1200mV 0C Model Hold 'sys_clk'
Slack : -0.185
TNS   : -0.348

Type  : Fast 1200mV 0C Model Hold 'adc:adc_inst|clk_sample'
Slack : 0.187
TNS   : 0.000

Type  : Fast 1200mV 0C Model Hold 'seg_595_dynamic:seg_595_dynamic_inst|seg_dynamic:seg_dynamic_inst|clk_1k'
Slack : 0.187
TNS   : 0.000

Type  : Fast 1200mV 0C Model Minimum Pulse Width 'sys_clk'
Slack : -3.000
TNS   : -60.786

Type  : Fast 1200mV 0C Model Minimum Pulse Width 'adc:adc_inst|clk_sample'
Slack : -1.000
TNS   : -53.000

Type  : Fast 1200mV 0C Model Minimum Pulse Width 'seg_595_dynamic:seg_595_dynamic_inst|seg_dynamic:seg_dynamic_inst|clk_1k'
Slack : -1.000
TNS   : -13.000

------------------------------------------------------------
