------------------------------------------------------------
TimeQuest Timing Analyzer Summary
------------------------------------------------------------

Type  : Slow 1200mV 85C Model Setup 'adc:adc_inst|clk_sample'
Slack : -98.453
TNS   : -1541.859

Type  : Slow 1200mV 85C Model Setup 'sys_clk'
Slack : -3.730
TNS   : -320.937

Type  : Slow 1200mV 85C Model Hold 'sys_clk'
Slack : -0.033
TNS   : -0.033

Type  : Slow 1200mV 85C Model Hold 'adc:adc_inst|clk_sample'
Slack : 0.454
TNS   : 0.000

Type  : Slow 1200mV 85C Model Minimum Pulse Width 'sys_clk'
Slack : -3.000
TNS   : -226.050

Type  : Slow 1200mV 85C Model Minimum Pulse Width 'adc:adc_inst|clk_sample'
Slack : -1.487
TNS   : -78.811

Type  : Slow 1200mV 0C Model Setup 'adc:adc_inst|clk_sample'
Slack : -89.835
TNS   : -1406.258

Type  : Slow 1200mV 0C Model Setup 'sys_clk'
Slack : -3.425
TNS   : -290.420

Type  : Slow 1200mV 0C Model Hold 'sys_clk'
Slack : -0.006
TNS   : -0.006

Type  : Slow 1200mV 0C Model Hold 'adc:adc_inst|clk_sample'
Slack : 0.402
TNS   : 0.000

Type  : Slow 1200mV 0C Model Minimum Pulse Width 'sys_clk'
Slack : -3.000
TNS   : -226.050

Type  : Slow 1200mV 0C Model Minimum Pulse Width 'adc:adc_inst|clk_sample'
Slack : -1.487
TNS   : -79.149

Type  : Fast 1200mV 0C Model Setup 'adc:adc_inst|clk_sample'
Slack : -42.026
TNS   : -635.556

Type  : Fast 1200mV 0C Model Setup 'sys_clk'
Slack : -1.115
TNS   : -61.736

Type  : Fast 1200mV 0C Model Hold 'sys_clk'
Slack : -0.191
TNS   : -0.191

Type  : Fast 1200mV 0C Model Hold 'adc:adc_inst|clk_sample'
Slack : 0.187
TNS   : 0.000

Type  : Fast 1200mV 0C Model Minimum Pulse Width 'sys_clk'
Slack : -3.000
TNS   : -163.358

Type  : Fast 1200mV 0C Model Minimum Pulse Width 'adc:adc_inst|clk_sample'
Slack : -1.000
TNS   : -53.000

------------------------------------------------------------
