------------------------------------------------------------
TimeQuest Timing Analyzer Summary
------------------------------------------------------------

Type  : Slow 1200mV 85C Model Setup 'i2c_ctrl:i2c_ctrl_inst|state.RD_DATA'
Slack : -6.242
TNS   : -6.874

Type  : Slow 1200mV 85C Model Setup 'sys_clk'
Slack : -4.121
TNS   : -187.878

Type  : Slow 1200mV 85C Model Setup 'i2c_ctrl:i2c_ctrl_inst|i2c_clk'
Slack : -3.841
TNS   : -296.066

Type  : Slow 1200mV 85C Model Setup 'seg_595_bcd:seg_595_bcd_inst|seg_bcd_disp:seg_bcd_disp_inst|clk_1k'
Slack : -1.888
TNS   : -17.502

Type  : Slow 1200mV 85C Model Setup 'i2c_ctrl:i2c_ctrl_inst|cnt_i2c_clk[0]'
Slack : -0.607
TNS   : -0.733

Type  : Slow 1200mV 85C Model Hold 'i2c_ctrl:i2c_ctrl_inst|cnt_i2c_clk[0]'
Slack : -1.459
TNS   : -6.852

Type  : Slow 1200mV 85C Model Hold 'i2c_ctrl:i2c_ctrl_inst|state.RD_DATA'
Slack : -1.338
TNS   : -8.479

Type  : Slow 1200mV 85C Model Hold 'i2c_ctrl:i2c_ctrl_inst|i2c_clk'
Slack : -0.563
TNS   : -9.972

Type  : Slow 1200mV 85C Model Hold 'sys_clk'
Slack : -0.224
TNS   : -0.224

Type  : Slow 1200mV 85C Model Hold 'seg_595_bcd:seg_595_bcd_inst|seg_bcd_disp:seg_bcd_disp_inst|clk_1k'
Slack : 0.454
TNS   : 0.000

Type  : Slow 1200mV 85C Model Recovery 'i2c_ctrl:i2c_ctrl_inst|cnt_i2c_clk[0]'
Slack : -4.459
TNS   : -4.459

Type  : Slow 1200mV 85C Model Removal 'i2c_ctrl:i2c_ctrl_inst|cnt_i2c_clk[0]'
Slack : 3.324
TNS   : 0.000

Type  : Slow 1200mV 85C Model Minimum Pulse Width 'sys_clk'
Slack : -3.000
TNS   : -127.908

Type  : Slow 1200mV 85C Model Minimum Pulse Width 'i2c_ctrl:i2c_ctrl_inst|i2c_clk'
Slack : -1.487
TNS   : -159.109

Type  : Slow 1200mV 85C Model Minimum Pulse Width 'seg_595_bcd:seg_595_bcd_inst|seg_bcd_disp:seg_bcd_disp_inst|clk_1k'
Slack : -1.487
TNS   : -20.818

Type  : Slow 1200mV 85C Model Minimum Pulse Width 'i2c_ctrl:i2c_ctrl_inst|cnt_i2c_clk[0]'
Slack : 0.320
TNS   : 0.000

Type  : Slow 1200mV 85C Model Minimum Pulse Width 'i2c_ctrl:i2c_ctrl_inst|state.RD_DATA'
Slack : 0.340
TNS   : 0.000

Type  : Slow 1200mV 0C Model Setup 'i2c_ctrl:i2c_ctrl_inst|state.RD_DATA'
Slack : -5.671
TNS   : -6.475

Type  : Slow 1200mV 0C Model Setup 'sys_clk'
Slack : -3.721
TNS   : -166.210

Type  : Slow 1200mV 0C Model Setup 'i2c_ctrl:i2c_ctrl_inst|i2c_clk'
Slack : -3.530
TNS   : -271.635

Type  : Slow 1200mV 0C Model Setup 'seg_595_bcd:seg_595_bcd_inst|seg_bcd_disp:seg_bcd_disp_inst|clk_1k'
Slack : -1.736
TNS   : -15.762

Type  : Slow 1200mV 0C Model Setup 'i2c_ctrl:i2c_ctrl_inst|cnt_i2c_clk[0]'
Slack : -0.553
TNS   : -0.574

Type  : Slow 1200mV 0C Model Hold 'i2c_ctrl:i2c_ctrl_inst|cnt_i2c_clk[0]'
Slack : -1.323
TNS   : -5.896

Type  : Slow 1200mV 0C Model Hold 'i2c_ctrl:i2c_ctrl_inst|state.RD_DATA'
Slack : -1.202
TNS   : -7.747

Type  : Slow 1200mV 0C Model Hold 'i2c_ctrl:i2c_ctrl_inst|i2c_clk'
Slack : -0.526
TNS   : -9.211

Type  : Slow 1200mV 0C Model Hold 'sys_clk'
Slack : -0.209
TNS   : -0.209

Type  : Slow 1200mV 0C Model Hold 'seg_595_bcd:seg_595_bcd_inst|seg_bcd_disp:seg_bcd_disp_inst|clk_1k'
Slack : 0.401
TNS   : 0.000

Type  : Slow 1200mV 0C Model Recovery 'i2c_ctrl:i2c_ctrl_inst|cnt_i2c_clk[0]'
Slack : -3.971
TNS   : -3.971

Type  : Slow 1200mV 0C Model Removal 'i2c_ctrl:i2c_ctrl_inst|cnt_i2c_clk[0]'
Slack : 2.986
TNS   : 0.000

Type  : Slow 1200mV 0C Model Minimum Pulse Width 'sys_clk'
Slack : -3.000
TNS   : -127.908

Type  : Slow 1200mV 0C Model Minimum Pulse Width 'i2c_ctrl:i2c_ctrl_inst|i2c_clk'
Slack : -1.487
TNS   : -159.109

Type  : Slow 1200mV 0C Model Minimum Pulse Width 'seg_595_bcd:seg_595_bcd_inst|seg_bcd_disp:seg_bcd_disp_inst|clk_1k'
Slack : -1.487
TNS   : -20.818

Type  : Slow 1200mV 0C Model Minimum Pulse Width 'i2c_ctrl:i2c_ctrl_inst|state.RD_DATA'
Slack : 0.180
TNS   : 0.000

Type  : Slow 1200mV 0C Model Minimum Pulse Width 'i2c_ctrl:i2c_ctrl_inst|cnt_i2c_clk[0]'
Slack : 0.228
TNS   : 0.000

Type  : Fast 1200mV 0C Model Setup 'i2c_ctrl:i2c_ctrl_inst|state.RD_DATA'
Slack : -2.610
TNS   : -2.610

Type  : Fast 1200mV 0C Model Setup 'sys_clk'
Slack : -1.182
TNS   : -44.420

Type  : Fast 1200mV 0C Model Setup 'i2c_ctrl:i2c_ctrl_inst|i2c_clk'
Slack : -1.145
TNS   : -67.576

Type  : Fast 1200mV 0C Model Setup 'seg_595_bcd:seg_595_bcd_inst|seg_bcd_disp:seg_bcd_disp_inst|clk_1k'
Slack : -0.383
TNS   : -1.886

Type  : Fast 1200mV 0C Model Setup 'i2c_ctrl:i2c_ctrl_inst|cnt_i2c_clk[0]'
Slack : -0.013
TNS   : -0.013

Type  : Fast 1200mV 0C Model Hold 'i2c_ctrl:i2c_ctrl_inst|cnt_i2c_clk[0]'
Slack : -0.638
TNS   : -3.316

Type  : Fast 1200mV 0C Model Hold 'i2c_ctrl:i2c_ctrl_inst|state.RD_DATA'
Slack : -0.583
TNS   : -3.648

Type  : Fast 1200mV 0C Model Hold 'i2c_ctrl:i2c_ctrl_inst|i2c_clk'
Slack : -0.356
TNS   : -6.280

Type  : Fast 1200mV 0C Model Hold 'sys_clk'
Slack : -0.230
TNS   : -0.318

Type  : Fast 1200mV 0C Model Hold 'seg_595_bcd:seg_595_bcd_inst|seg_bcd_disp:seg_bcd_disp_inst|clk_1k'
Slack : 0.187
TNS   : 0.000

Type  : Fast 1200mV 0C Model Recovery 'i2c_ctrl:i2c_ctrl_inst|cnt_i2c_clk[0]'
Slack : -1.821
TNS   : -1.821

Type  : Fast 1200mV 0C Model Removal 'i2c_ctrl:i2c_ctrl_inst|cnt_i2c_clk[0]'
Slack : 1.895
TNS   : 0.000

Type  : Fast 1200mV 0C Model Minimum Pulse Width 'sys_clk'
Slack : -3.000
TNS   : -92.742

Type  : Fast 1200mV 0C Model Minimum Pulse Width 'i2c_ctrl:i2c_ctrl_inst|i2c_clk'
Slack : -1.000
TNS   : -107.000

Type  : Fast 1200mV 0C Model Minimum Pulse Width 'seg_595_bcd:seg_595_bcd_inst|seg_bcd_disp:seg_bcd_disp_inst|clk_1k'
Slack : -1.000
TNS   : -14.000

Type  : Fast 1200mV 0C Model Minimum Pulse Width 'i2c_ctrl:i2c_ctrl_inst|state.RD_DATA'
Slack : 0.327
TNS   : 0.000

Type  : Fast 1200mV 0C Model Minimum Pulse Width 'i2c_ctrl:i2c_ctrl_inst|cnt_i2c_clk[0]'
Slack : 0.412
TNS   : 0.000

------------------------------------------------------------
