------------------------------------------------------------
TimeQuest Timing Analyzer Summary
------------------------------------------------------------

Type  : Slow 1200mV 85C Model Setup 'sys_clk'
Slack : -237.220
TNS   : -8039.700

Type  : Slow 1200mV 85C Model Setup 'freq_meter_calc_inst|clk_gen_inst|altpll_component|auto_generated|pll1|clk[0]'
Slack : -5.140
TNS   : -408.157

Type  : Slow 1200mV 85C Model Setup 'clk_test'
Slack : -3.707
TNS   : -279.545

Type  : Slow 1200mV 85C Model Hold 'clk_test'
Slack : 0.333
TNS   : 0.000

Type  : Slow 1200mV 85C Model Hold 'sys_clk'
Slack : 0.453
TNS   : 0.000

Type  : Slow 1200mV 85C Model Hold 'freq_meter_calc_inst|clk_gen_inst|altpll_component|auto_generated|pll1|clk[0]'
Slack : 0.760
TNS   : 0.000

Type  : Slow 1200mV 85C Model Minimum Pulse Width 'clk_test'
Slack : -4.000
TNS   : -264.532

Type  : Slow 1200mV 85C Model Minimum Pulse Width 'freq_meter_calc_inst|clk_gen_inst|altpll_component|auto_generated|pll1|clk[0]'
Slack : 4.692
TNS   : 0.000

Type  : Slow 1200mV 85C Model Minimum Pulse Width 'sys_clk'
Slack : 9.758
TNS   : 0.000

Type  : Slow 1200mV 0C Model Setup 'sys_clk'
Slack : -213.752
TNS   : -7221.671

Type  : Slow 1200mV 0C Model Setup 'freq_meter_calc_inst|clk_gen_inst|altpll_component|auto_generated|pll1|clk[0]'
Slack : -4.784
TNS   : -376.161

Type  : Slow 1200mV 0C Model Setup 'clk_test'
Slack : -3.374
TNS   : -256.682

Type  : Slow 1200mV 0C Model Hold 'clk_test'
Slack : 0.148
TNS   : 0.000

Type  : Slow 1200mV 0C Model Hold 'sys_clk'
Slack : 0.401
TNS   : 0.000

Type  : Slow 1200mV 0C Model Hold 'freq_meter_calc_inst|clk_gen_inst|altpll_component|auto_generated|pll1|clk[0]'
Slack : 0.704
TNS   : 0.000

Type  : Slow 1200mV 0C Model Minimum Pulse Width 'clk_test'
Slack : -4.000
TNS   : -269.220

Type  : Slow 1200mV 0C Model Minimum Pulse Width 'freq_meter_calc_inst|clk_gen_inst|altpll_component|auto_generated|pll1|clk[0]'
Slack : 4.666
TNS   : 0.000

Type  : Slow 1200mV 0C Model Minimum Pulse Width 'sys_clk'
Slack : 9.722
TNS   : 0.000

Type  : Fast 1200mV 0C Model Setup 'sys_clk'
Slack : -99.931
TNS   : -3206.235

Type  : Fast 1200mV 0C Model Setup 'freq_meter_calc_inst|clk_gen_inst|altpll_component|auto_generated|pll1|clk[0]'
Slack : -1.621
TNS   : -123.593

Type  : Fast 1200mV 0C Model Setup 'clk_test'
Slack : -1.070
TNS   : -77.072

Type  : Fast 1200mV 0C Model Hold 'clk_test'
Slack : 0.181
TNS   : 0.000

Type  : Fast 1200mV 0C Model Hold 'sys_clk'
Slack : 0.186
TNS   : 0.000

Type  : Fast 1200mV 0C Model Hold 'freq_meter_calc_inst|clk_gen_inst|altpll_component|auto_generated|pll1|clk[0]'
Slack : 0.303
TNS   : 0.000

Type  : Fast 1200mV 0C Model Minimum Pulse Width 'clk_test'
Slack : -3.000
TNS   : -102.993

Type  : Fast 1200mV 0C Model Minimum Pulse Width 'freq_meter_calc_inst|clk_gen_inst|altpll_component|auto_generated|pll1|clk[0]'
Slack : 4.769
TNS   : 0.000

Type  : Fast 1200mV 0C Model Minimum Pulse Width 'sys_clk'
Slack : 9.407
TNS   : 0.000

------------------------------------------------------------
