------------------------------------------------------------
TimeQuest Timing Analyzer Summary
------------------------------------------------------------

Type  : Slow 1200mV 85C Model Setup 'clk_gen_inst|altpll_component|auto_generated|pll1|clk[2]'
Slack : -4.748
TNS   : -139.613

Type  : Slow 1200mV 85C Model Setup 'audio_bclk'
Slack : -3.967
TNS   : -547.628

Type  : Slow 1200mV 85C Model Setup 'wm8978_ctrl:wm8978_ctrl_inst|wm8978_cfg:wm8978_cfg_inst|i2c_ctrl:i2c_ctrl_inst|i2c_clk'
Slack : -1.843
TNS   : -48.373

Type  : Slow 1200mV 85C Model Setup 'clk_gen_inst|altpll_component|auto_generated|pll1|clk[1]'
Slack : -0.345
TNS   : -0.345

Type  : Slow 1200mV 85C Model Hold 'audio_bclk'
Slack : -1.092
TNS   : -3.970

Type  : Slow 1200mV 85C Model Hold 'wm8978_ctrl:wm8978_ctrl_inst|wm8978_cfg:wm8978_cfg_inst|i2c_ctrl:i2c_ctrl_inst|i2c_clk'
Slack : -0.404
TNS   : -4.903

Type  : Slow 1200mV 85C Model Hold 'clk_gen_inst|altpll_component|auto_generated|pll1|clk[1]'
Slack : -0.054
TNS   : -0.054

Type  : Slow 1200mV 85C Model Hold 'clk_gen_inst|altpll_component|auto_generated|pll1|clk[2]'
Slack : 0.406
TNS   : 0.000

Type  : Slow 1200mV 85C Model Recovery 'clk_gen_inst|altpll_component|auto_generated|pll1|clk[2]'
Slack : -5.066
TNS   : -690.893

Type  : Slow 1200mV 85C Model Recovery 'wm8978_ctrl:wm8978_ctrl_inst|wm8978_cfg:wm8978_cfg_inst|i2c_ctrl:i2c_ctrl_inst|cnt_i2c_clk[0]'
Slack : -3.256
TNS   : -3.256

Type  : Slow 1200mV 85C Model Recovery 'audio_bclk'
Slack : -2.249
TNS   : -166.118

Type  : Slow 1200mV 85C Model Removal 'audio_bclk'
Slack : 1.625
TNS   : 0.000

Type  : Slow 1200mV 85C Model Removal 'wm8978_ctrl:wm8978_ctrl_inst|wm8978_cfg:wm8978_cfg_inst|i2c_ctrl:i2c_ctrl_inst|cnt_i2c_clk[0]'
Slack : 2.383
TNS   : 0.000

Type  : Slow 1200mV 85C Model Removal 'clk_gen_inst|altpll_component|auto_generated|pll1|clk[2]'
Slack : 3.871
TNS   : 0.000

Type  : Slow 1200mV 85C Model Minimum Pulse Width 'audio_bclk'
Slack : -3.201
TNS   : -396.555

Type  : Slow 1200mV 85C Model Minimum Pulse Width 'wm8978_ctrl:wm8978_ctrl_inst|wm8978_cfg:wm8978_cfg_inst|i2c_ctrl:i2c_ctrl_inst|i2c_clk'
Slack : -1.487
TNS   : -50.558

Type  : Slow 1200mV 85C Model Minimum Pulse Width 'wm8978_ctrl:wm8978_ctrl_inst|wm8978_cfg:wm8978_cfg_inst|i2c_ctrl:i2c_ctrl_inst|cnt_i2c_clk[0]'
Slack : 0.426
TNS   : 0.000

Type  : Slow 1200mV 85C Model Minimum Pulse Width 'clk_gen_inst|altpll_component|auto_generated|pll1|clk[2]'
Slack : 4.687
TNS   : 0.000

Type  : Slow 1200mV 85C Model Minimum Pulse Width 'clk_gen_inst|altpll_component|auto_generated|pll1|clk[1]'
Slack : 9.718
TNS   : 0.000

Type  : Slow 1200mV 85C Model Minimum Pulse Width 'sys_clk'
Slack : 9.934
TNS   : 0.000

Type  : Slow 1200mV 0C Model Setup 'clk_gen_inst|altpll_component|auto_generated|pll1|clk[2]'
Slack : -4.184
TNS   : -122.408

Type  : Slow 1200mV 0C Model Setup 'audio_bclk'
Slack : -3.667
TNS   : -501.715

Type  : Slow 1200mV 0C Model Setup 'wm8978_ctrl:wm8978_ctrl_inst|wm8978_cfg:wm8978_cfg_inst|i2c_ctrl:i2c_ctrl_inst|i2c_clk'
Slack : -1.588
TNS   : -41.723

Type  : Slow 1200mV 0C Model Setup 'clk_gen_inst|altpll_component|auto_generated|pll1|clk[1]'
Slack : -0.146
TNS   : -0.146

Type  : Slow 1200mV 0C Model Hold 'audio_bclk'
Slack : -0.936
TNS   : -3.267

Type  : Slow 1200mV 0C Model Hold 'wm8978_ctrl:wm8978_ctrl_inst|wm8978_cfg:wm8978_cfg_inst|i2c_ctrl:i2c_ctrl_inst|i2c_clk'
Slack : -0.378
TNS   : -4.573

Type  : Slow 1200mV 0C Model Hold 'clk_gen_inst|altpll_component|auto_generated|pll1|clk[1]'
Slack : -0.172
TNS   : -0.172

Type  : Slow 1200mV 0C Model Hold 'clk_gen_inst|altpll_component|auto_generated|pll1|clk[2]'
Slack : 0.380
TNS   : 0.000

Type  : Slow 1200mV 0C Model Recovery 'clk_gen_inst|altpll_component|auto_generated|pll1|clk[2]'
Slack : -4.500
TNS   : -605.827

Type  : Slow 1200mV 0C Model Recovery 'wm8978_ctrl:wm8978_ctrl_inst|wm8978_cfg:wm8978_cfg_inst|i2c_ctrl:i2c_ctrl_inst|cnt_i2c_clk[0]'
Slack : -2.847
TNS   : -2.847

Type  : Slow 1200mV 0C Model Recovery 'audio_bclk'
Slack : -2.001
TNS   : -145.889

Type  : Slow 1200mV 0C Model Removal 'audio_bclk'
Slack : 1.437
TNS   : 0.000

Type  : Slow 1200mV 0C Model Removal 'wm8978_ctrl:wm8978_ctrl_inst|wm8978_cfg:wm8978_cfg_inst|i2c_ctrl:i2c_ctrl_inst|cnt_i2c_clk[0]'
Slack : 2.130
TNS   : 0.000

Type  : Slow 1200mV 0C Model Removal 'clk_gen_inst|altpll_component|auto_generated|pll1|clk[2]'
Slack : 3.380
TNS   : 0.000

Type  : Slow 1200mV 0C Model Minimum Pulse Width 'audio_bclk'
Slack : -3.201
TNS   : -396.555

Type  : Slow 1200mV 0C Model Minimum Pulse Width 'wm8978_ctrl:wm8978_ctrl_inst|wm8978_cfg:wm8978_cfg_inst|i2c_ctrl:i2c_ctrl_inst|i2c_clk'
Slack : -1.487
TNS   : -50.558

Type  : Slow 1200mV 0C Model Minimum Pulse Width 'wm8978_ctrl:wm8978_ctrl_inst|wm8978_cfg:wm8978_cfg_inst|i2c_ctrl:i2c_ctrl_inst|cnt_i2c_clk[0]'
Slack : 0.372
TNS   : 0.000

Type  : Slow 1200mV 0C Model Minimum Pulse Width 'clk_gen_inst|altpll_component|auto_generated|pll1|clk[2]'
Slack : 4.667
TNS   : 0.000

Type  : Slow 1200mV 0C Model Minimum Pulse Width 'clk_gen_inst|altpll_component|auto_generated|pll1|clk[1]'
Slack : 9.716
TNS   : 0.000

Type  : Slow 1200mV 0C Model Minimum Pulse Width 'sys_clk'
Slack : 9.943
TNS   : 0.000

Type  : Fast 1200mV 0C Model Setup 'clk_gen_inst|altpll_component|auto_generated|pll1|clk[2]'
Slack : -1.656
TNS   : -47.870

Type  : Fast 1200mV 0C Model Setup 'audio_bclk'
Slack : -1.096
TNS   : -106.070

Type  : Fast 1200mV 0C Model Setup 'wm8978_ctrl:wm8978_ctrl_inst|wm8978_cfg:wm8978_cfg_inst|i2c_ctrl:i2c_ctrl_inst|i2c_clk'
Slack : -0.228
TNS   : -3.319

Type  : Fast 1200mV 0C Model Setup 'clk_gen_inst|altpll_component|auto_generated|pll1|clk[1]'
Slack : -0.122
TNS   : -0.122

Type  : Fast 1200mV 0C Model Hold 'audio_bclk'
Slack : -0.725
TNS   : -3.184

Type  : Fast 1200mV 0C Model Hold 'wm8978_ctrl:wm8978_ctrl_inst|wm8978_cfg:wm8978_cfg_inst|i2c_ctrl:i2c_ctrl_inst|i2c_clk'
Slack : -0.288
TNS   : -3.007

Type  : Fast 1200mV 0C Model Hold 'clk_gen_inst|altpll_component|auto_generated|pll1|clk[1]'
Slack : 0.124
TNS   : 0.000

Type  : Fast 1200mV 0C Model Hold 'clk_gen_inst|altpll_component|auto_generated|pll1|clk[2]'
Slack : 0.146
TNS   : 0.000

Type  : Fast 1200mV 0C Model Recovery 'clk_gen_inst|altpll_component|auto_generated|pll1|clk[2]'
Slack : -1.921
TNS   : -252.720

Type  : Fast 1200mV 0C Model Recovery 'wm8978_ctrl:wm8978_ctrl_inst|wm8978_cfg:wm8978_cfg_inst|i2c_ctrl:i2c_ctrl_inst|cnt_i2c_clk[0]'
Slack : -1.253
TNS   : -1.253

Type  : Fast 1200mV 0C Model Recovery 'audio_bclk'
Slack : -0.427
TNS   : -25.081

Type  : Fast 1200mV 0C Model Removal 'audio_bclk'
Slack : 0.683
TNS   : 0.000

Type  : Fast 1200mV 0C Model Removal 'wm8978_ctrl:wm8978_ctrl_inst|wm8978_cfg:wm8978_cfg_inst|i2c_ctrl:i2c_ctrl_inst|cnt_i2c_clk[0]'
Slack : 1.443
TNS   : 0.000

Type  : Fast 1200mV 0C Model Removal 'clk_gen_inst|altpll_component|auto_generated|pll1|clk[2]'
Slack : 1.758
TNS   : 0.000

Type  : Fast 1200mV 0C Model Minimum Pulse Width 'audio_bclk'
Slack : -3.000
TNS   : -257.981

Type  : Fast 1200mV 0C Model Minimum Pulse Width 'wm8978_ctrl:wm8978_ctrl_inst|wm8978_cfg:wm8978_cfg_inst|i2c_ctrl:i2c_ctrl_inst|i2c_clk'
Slack : -1.000
TNS   : -34.000

Type  : Fast 1200mV 0C Model Minimum Pulse Width 'wm8978_ctrl:wm8978_ctrl_inst|wm8978_cfg:wm8978_cfg_inst|i2c_ctrl:i2c_ctrl_inst|cnt_i2c_clk[0]'
Slack : 0.430
TNS   : 0.000

Type  : Fast 1200mV 0C Model Minimum Pulse Width 'clk_gen_inst|altpll_component|auto_generated|pll1|clk[2]'
Slack : 4.733
TNS   : 0.000

Type  : Fast 1200mV 0C Model Minimum Pulse Width 'sys_clk'
Slack : 9.594
TNS   : 0.000

Type  : Fast 1200mV 0C Model Minimum Pulse Width 'clk_gen_inst|altpll_component|auto_generated|pll1|clk[1]'
Slack : 9.797
TNS   : 0.000

------------------------------------------------------------
