------------------------------------------------------------
TimeQuest Timing Analyzer Summary
------------------------------------------------------------

Type  : Slow 1200mV 85C Model Setup 'clk_gen_inst|altpll_component|auto_generated|pll1|clk[2]'
Slack : -5.588
TNS   : -148.404

Type  : Slow 1200mV 85C Model Setup 'audio_bclk'
Slack : -4.618
TNS   : -547.523

Type  : Slow 1200mV 85C Model Setup 'wm8978_ctrl:wm8978_ctrl_inst|wm8978_cfg:wm8978_cfg_inst|i2c_ctrl:i2c_ctrl_inst|i2c_clk'
Slack : -2.116
TNS   : -49.135

Type  : Slow 1200mV 85C Model Setup 'clk_gen_inst|altpll_component|auto_generated|pll1|clk[1]'
Slack : -0.333
TNS   : -0.333

Type  : Slow 1200mV 85C Model Hold 'audio_bclk'
Slack : -1.065
TNS   : -3.873

Type  : Slow 1200mV 85C Model Hold 'wm8978_ctrl:wm8978_ctrl_inst|wm8978_cfg:wm8978_cfg_inst|i2c_ctrl:i2c_ctrl_inst|i2c_clk'
Slack : -0.431
TNS   : -4.838

Type  : Slow 1200mV 85C Model Hold 'clk_gen_inst|altpll_component|auto_generated|pll1|clk[1]'
Slack : -0.066
TNS   : -0.066

Type  : Slow 1200mV 85C Model Hold 'clk_gen_inst|altpll_component|auto_generated|pll1|clk[2]'
Slack : 0.433
TNS   : 0.000

Type  : Slow 1200mV 85C Model Recovery 'clk_gen_inst|altpll_component|auto_generated|pll1|clk[2]'
Slack : -4.786
TNS   : -646.135

Type  : Slow 1200mV 85C Model Recovery 'wm8978_ctrl:wm8978_ctrl_inst|wm8978_cfg:wm8978_cfg_inst|i2c_ctrl:i2c_ctrl_inst|cnt_i2c_clk[0]'
Slack : -3.185
TNS   : -3.185

Type  : Slow 1200mV 85C Model Recovery 'audio_bclk'
Slack : -2.443
TNS   : -162.895

Type  : Slow 1200mV 85C Model Removal 'audio_bclk'
Slack : 1.568
TNS   : 0.000

Type  : Slow 1200mV 85C Model Removal 'wm8978_ctrl:wm8978_ctrl_inst|wm8978_cfg:wm8978_cfg_inst|i2c_ctrl:i2c_ctrl_inst|cnt_i2c_clk[0]'
Slack : 2.350
TNS   : 0.000

Type  : Slow 1200mV 85C Model Removal 'clk_gen_inst|altpll_component|auto_generated|pll1|clk[2]'
Slack : 3.435
TNS   : 0.000

Type  : Slow 1200mV 85C Model Minimum Pulse Width 'audio_bclk'
Slack : -3.201
TNS   : -396.555

Type  : Slow 1200mV 85C Model Minimum Pulse Width 'wm8978_ctrl:wm8978_ctrl_inst|wm8978_cfg:wm8978_cfg_inst|i2c_ctrl:i2c_ctrl_inst|i2c_clk'
Slack : -1.487
TNS   : -50.558

Type  : Slow 1200mV 85C Model Minimum Pulse Width 'wm8978_ctrl:wm8978_ctrl_inst|wm8978_cfg:wm8978_cfg_inst|i2c_ctrl:i2c_ctrl_inst|cnt_i2c_clk[0]'
Slack : 0.427
TNS   : 0.000

Type  : Slow 1200mV 85C Model Minimum Pulse Width 'clk_gen_inst|altpll_component|auto_generated|pll1|clk[2]'
Slack : 4.693
TNS   : 0.000

Type  : Slow 1200mV 85C Model Minimum Pulse Width 'clk_gen_inst|altpll_component|auto_generated|pll1|clk[1]'
Slack : 9.718
TNS   : 0.000

Type  : Slow 1200mV 85C Model Minimum Pulse Width 'sys_clk'
Slack : 9.934
TNS   : 0.000

Type  : Slow 1200mV 0C Model Setup 'clk_gen_inst|altpll_component|auto_generated|pll1|clk[2]'
Slack : -5.035
TNS   : -130.025

Type  : Slow 1200mV 0C Model Setup 'audio_bclk'
Slack : -4.358
TNS   : -498.384

Type  : Slow 1200mV 0C Model Setup 'wm8978_ctrl:wm8978_ctrl_inst|wm8978_cfg:wm8978_cfg_inst|i2c_ctrl:i2c_ctrl_inst|i2c_clk'
Slack : -1.888
TNS   : -42.333

Type  : Slow 1200mV 0C Model Setup 'clk_gen_inst|altpll_component|auto_generated|pll1|clk[1]'
Slack : -0.135
TNS   : -0.135

Type  : Slow 1200mV 0C Model Hold 'audio_bclk'
Slack : -0.857
TNS   : -2.806

Type  : Slow 1200mV 0C Model Hold 'wm8978_ctrl:wm8978_ctrl_inst|wm8978_cfg:wm8978_cfg_inst|i2c_ctrl:i2c_ctrl_inst|i2c_clk'
Slack : -0.422
TNS   : -4.465

Type  : Slow 1200mV 0C Model Hold 'clk_gen_inst|altpll_component|auto_generated|pll1|clk[1]'
Slack : -0.184
TNS   : -0.184

Type  : Slow 1200mV 0C Model Hold 'clk_gen_inst|altpll_component|auto_generated|pll1|clk[2]'
Slack : 0.359
TNS   : 0.000

Type  : Slow 1200mV 0C Model Recovery 'clk_gen_inst|altpll_component|auto_generated|pll1|clk[2]'
Slack : -4.183
TNS   : -561.376

Type  : Slow 1200mV 0C Model Recovery 'wm8978_ctrl:wm8978_ctrl_inst|wm8978_cfg:wm8978_cfg_inst|i2c_ctrl:i2c_ctrl_inst|cnt_i2c_clk[0]'
Slack : -2.773
TNS   : -2.773

Type  : Slow 1200mV 0C Model Recovery 'audio_bclk'
Slack : -2.205
TNS   : -143.918

Type  : Slow 1200mV 0C Model Removal 'audio_bclk'
Slack : 1.412
TNS   : 0.000

Type  : Slow 1200mV 0C Model Removal 'wm8978_ctrl:wm8978_ctrl_inst|wm8978_cfg:wm8978_cfg_inst|i2c_ctrl:i2c_ctrl_inst|cnt_i2c_clk[0]'
Slack : 2.090
TNS   : 0.000

Type  : Slow 1200mV 0C Model Removal 'clk_gen_inst|altpll_component|auto_generated|pll1|clk[2]'
Slack : 2.995
TNS   : 0.000

Type  : Slow 1200mV 0C Model Minimum Pulse Width 'audio_bclk'
Slack : -3.201
TNS   : -396.555

Type  : Slow 1200mV 0C Model Minimum Pulse Width 'wm8978_ctrl:wm8978_ctrl_inst|wm8978_cfg:wm8978_cfg_inst|i2c_ctrl:i2c_ctrl_inst|i2c_clk'
Slack : -1.487
TNS   : -50.558

Type  : Slow 1200mV 0C Model Minimum Pulse Width 'wm8978_ctrl:wm8978_ctrl_inst|wm8978_cfg:wm8978_cfg_inst|i2c_ctrl:i2c_ctrl_inst|cnt_i2c_clk[0]'
Slack : 0.354
TNS   : 0.000

Type  : Slow 1200mV 0C Model Minimum Pulse Width 'clk_gen_inst|altpll_component|auto_generated|pll1|clk[2]'
Slack : 4.661
TNS   : 0.000

Type  : Slow 1200mV 0C Model Minimum Pulse Width 'clk_gen_inst|altpll_component|auto_generated|pll1|clk[1]'
Slack : 9.716
TNS   : 0.000

Type  : Slow 1200mV 0C Model Minimum Pulse Width 'sys_clk'
Slack : 9.943
TNS   : 0.000

Type  : Fast 1200mV 0C Model Setup 'clk_gen_inst|altpll_component|auto_generated|pll1|clk[2]'
Slack : -2.097
TNS   : -52.431

Type  : Fast 1200mV 0C Model Setup 'audio_bclk'
Slack : -1.604
TNS   : -114.788

Type  : Fast 1200mV 0C Model Setup 'wm8978_ctrl:wm8978_ctrl_inst|wm8978_cfg:wm8978_cfg_inst|i2c_ctrl:i2c_ctrl_inst|i2c_clk'
Slack : -0.315
TNS   : -3.794

Type  : Fast 1200mV 0C Model Setup 'clk_gen_inst|altpll_component|auto_generated|pll1|clk[1]'
Slack : -0.115
TNS   : -0.115

Type  : Fast 1200mV 0C Model Hold 'audio_bclk'
Slack : -0.752
TNS   : -3.120

Type  : Fast 1200mV 0C Model Hold 'wm8978_ctrl:wm8978_ctrl_inst|wm8978_cfg:wm8978_cfg_inst|i2c_ctrl:i2c_ctrl_inst|i2c_clk'
Slack : -0.288
TNS   : -3.061

Type  : Fast 1200mV 0C Model Hold 'clk_gen_inst|altpll_component|auto_generated|pll1|clk[1]'
Slack : 0.117
TNS   : 0.000

Type  : Fast 1200mV 0C Model Hold 'clk_gen_inst|altpll_component|auto_generated|pll1|clk[2]'
Slack : 0.176
TNS   : 0.000

Type  : Fast 1200mV 0C Model Recovery 'clk_gen_inst|altpll_component|auto_generated|pll1|clk[2]'
Slack : -1.789
TNS   : -238.358

Type  : Fast 1200mV 0C Model Recovery 'wm8978_ctrl:wm8978_ctrl_inst|wm8978_cfg:wm8978_cfg_inst|i2c_ctrl:i2c_ctrl_inst|cnt_i2c_clk[0]'
Slack : -1.235
TNS   : -1.235

Type  : Fast 1200mV 0C Model Recovery 'audio_bclk'
Slack : -0.555
TNS   : -27.597

Type  : Fast 1200mV 0C Model Removal 'audio_bclk'
Slack : 0.717
TNS   : 0.000

Type  : Fast 1200mV 0C Model Removal 'wm8978_ctrl:wm8978_ctrl_inst|wm8978_cfg:wm8978_cfg_inst|i2c_ctrl:i2c_ctrl_inst|cnt_i2c_clk[0]'
Slack : 1.441
TNS   : 0.000

Type  : Fast 1200mV 0C Model Removal 'clk_gen_inst|altpll_component|auto_generated|pll1|clk[2]'
Slack : 1.622
TNS   : 0.000

Type  : Fast 1200mV 0C Model Minimum Pulse Width 'audio_bclk'
Slack : -3.000
TNS   : -257.866

Type  : Fast 1200mV 0C Model Minimum Pulse Width 'wm8978_ctrl:wm8978_ctrl_inst|wm8978_cfg:wm8978_cfg_inst|i2c_ctrl:i2c_ctrl_inst|i2c_clk'
Slack : -1.000
TNS   : -34.000

Type  : Fast 1200mV 0C Model Minimum Pulse Width 'wm8978_ctrl:wm8978_ctrl_inst|wm8978_cfg:wm8978_cfg_inst|i2c_ctrl:i2c_ctrl_inst|cnt_i2c_clk[0]'
Slack : 0.428
TNS   : 0.000

Type  : Fast 1200mV 0C Model Minimum Pulse Width 'clk_gen_inst|altpll_component|auto_generated|pll1|clk[2]'
Slack : 4.734
TNS   : 0.000

Type  : Fast 1200mV 0C Model Minimum Pulse Width 'sys_clk'
Slack : 9.594
TNS   : 0.000

Type  : Fast 1200mV 0C Model Minimum Pulse Width 'clk_gen_inst|altpll_component|auto_generated|pll1|clk[1]'
Slack : 9.797
TNS   : 0.000

------------------------------------------------------------
