------------------------------------------------------------
TimeQuest Timing Analyzer Summary
------------------------------------------------------------

Type  : Slow 1200mV 85C Model Setup 'dht11_ctrl:dht11_ctrl_inst|clk_1us'
Slack : -5.786
TNS   : -481.820

Type  : Slow 1200mV 85C Model Setup 'sys_clk'
Slack : -3.887
TNS   : -385.919

Type  : Slow 1200mV 85C Model Hold 'sys_clk'
Slack : -0.121
TNS   : -0.121

Type  : Slow 1200mV 85C Model Hold 'dht11_ctrl:dht11_ctrl_inst|clk_1us'
Slack : 0.452
TNS   : 0.000

Type  : Slow 1200mV 85C Model Minimum Pulse Width 'sys_clk'
Slack : -3.000
TNS   : -266.199

Type  : Slow 1200mV 85C Model Minimum Pulse Width 'dht11_ctrl:dht11_ctrl_inst|clk_1us'
Slack : -1.487
TNS   : -173.979

Type  : Slow 1200mV 0C Model Setup 'dht11_ctrl:dht11_ctrl_inst|clk_1us'
Slack : -5.293
TNS   : -441.492

Type  : Slow 1200mV 0C Model Setup 'sys_clk'
Slack : -3.533
TNS   : -348.495

Type  : Slow 1200mV 0C Model Hold 'sys_clk'
Slack : -0.101
TNS   : -0.101

Type  : Slow 1200mV 0C Model Hold 'dht11_ctrl:dht11_ctrl_inst|clk_1us'
Slack : 0.400
TNS   : 0.000

Type  : Slow 1200mV 0C Model Minimum Pulse Width 'sys_clk'
Slack : -3.000
TNS   : -266.199

Type  : Slow 1200mV 0C Model Minimum Pulse Width 'dht11_ctrl:dht11_ctrl_inst|clk_1us'
Slack : -1.487
TNS   : -173.979

Type  : Fast 1200mV 0C Model Setup 'dht11_ctrl:dht11_ctrl_inst|clk_1us'
Slack : -1.830
TNS   : -140.348

Type  : Fast 1200mV 0C Model Setup 'sys_clk'
Slack : -1.084
TNS   : -73.811

Type  : Fast 1200mV 0C Model Hold 'sys_clk'
Slack : -0.226
TNS   : -0.226

Type  : Fast 1200mV 0C Model Hold 'dht11_ctrl:dht11_ctrl_inst|clk_1us'
Slack : 0.186
TNS   : 0.000

Type  : Fast 1200mV 0C Model Minimum Pulse Width 'sys_clk'
Slack : -3.000
TNS   : -191.612

Type  : Fast 1200mV 0C Model Minimum Pulse Width 'dht11_ctrl:dht11_ctrl_inst|clk_1us'
Slack : -1.000
TNS   : -117.000

------------------------------------------------------------
