------------------------------------------------------------
TimeQuest Timing Analyzer Summary
------------------------------------------------------------

Type  : Slow 1200mV 85C Model Setup 'clk_gen_inst|altpll_component|auto_generated|pll1|clk[1]'
Slack : -6.041
TNS   : -11.623

Type  : Slow 1200mV 85C Model Setup 'mii_clk'
Slack : -4.396
TNS   : -670.723

Type  : Slow 1200mV 85C Model Setup 'eth_rx_clk'
Slack : -1.568
TNS   : -9.332

Type  : Slow 1200mV 85C Model Setup 'clk_gen_inst|altpll_component|auto_generated|pll1|clk[3]'
Slack : 1.822
TNS   : 0.000

Type  : Slow 1200mV 85C Model Setup 'clk_gen_inst|altpll_component|auto_generated|pll1|clk[0]'
Slack : 5.667
TNS   : 0.000

Type  : Slow 1200mV 85C Model Hold 'mii_clk'
Slack : -1.139
TNS   : -2.007

Type  : Slow 1200mV 85C Model Hold 'eth_rx_clk'
Slack : -0.056
TNS   : -0.056

Type  : Slow 1200mV 85C Model Hold 'clk_gen_inst|altpll_component|auto_generated|pll1|clk[1]'
Slack : 0.406
TNS   : 0.000

Type  : Slow 1200mV 85C Model Hold 'clk_gen_inst|altpll_component|auto_generated|pll1|clk[0]'
Slack : 0.452
TNS   : 0.000

Type  : Slow 1200mV 85C Model Hold 'clk_gen_inst|altpll_component|auto_generated|pll1|clk[3]'
Slack : 0.454
TNS   : 0.000

Type  : Slow 1200mV 85C Model Recovery 'clk_gen_inst|altpll_component|auto_generated|pll1|clk[0]'
Slack : 7.295
TNS   : 0.000

Type  : Slow 1200mV 85C Model Removal 'clk_gen_inst|altpll_component|auto_generated|pll1|clk[0]'
Slack : 1.865
TNS   : 0.000

Type  : Slow 1200mV 85C Model Minimum Pulse Width 'mii_clk'
Slack : -3.201
TNS   : -358.242

Type  : Slow 1200mV 85C Model Minimum Pulse Width 'eth_rx_clk'
Slack : -3.000
TNS   : -26.792

Type  : Slow 1200mV 85C Model Minimum Pulse Width 'clk_gen_inst|altpll_component|auto_generated|pll1|clk[3]'
Slack : 3.721
TNS   : 0.000

Type  : Slow 1200mV 85C Model Minimum Pulse Width 'clk_gen_inst|altpll_component|auto_generated|pll1|clk[1]'
Slack : 4.718
TNS   : 0.000

Type  : Slow 1200mV 85C Model Minimum Pulse Width 'sys_clk'
Slack : 9.934
TNS   : 0.000

Type  : Slow 1200mV 85C Model Minimum Pulse Width 'clk_gen_inst|altpll_component|auto_generated|pll1|clk[0]'
Slack : 19.721
TNS   : 0.000

Type  : Slow 1200mV 0C Model Setup 'clk_gen_inst|altpll_component|auto_generated|pll1|clk[1]'
Slack : -5.390
TNS   : -10.299

Type  : Slow 1200mV 0C Model Setup 'mii_clk'
Slack : -4.125
TNS   : -622.334

Type  : Slow 1200mV 0C Model Setup 'eth_rx_clk'
Slack : -1.303
TNS   : -7.708

Type  : Slow 1200mV 0C Model Setup 'clk_gen_inst|altpll_component|auto_generated|pll1|clk[3]'
Slack : 1.934
TNS   : 0.000

Type  : Slow 1200mV 0C Model Setup 'clk_gen_inst|altpll_component|auto_generated|pll1|clk[0]'
Slack : 5.889
TNS   : 0.000

Type  : Slow 1200mV 0C Model Hold 'mii_clk'
Slack : -0.870
TNS   : -1.505

Type  : Slow 1200mV 0C Model Hold 'eth_rx_clk'
Slack : -0.008
TNS   : -0.008

Type  : Slow 1200mV 0C Model Hold 'clk_gen_inst|altpll_component|auto_generated|pll1|clk[1]'
Slack : 0.381
TNS   : 0.000

Type  : Slow 1200mV 0C Model Hold 'clk_gen_inst|altpll_component|auto_generated|pll1|clk[0]'
Slack : 0.401
TNS   : 0.000

Type  : Slow 1200mV 0C Model Hold 'clk_gen_inst|altpll_component|auto_generated|pll1|clk[3]'
Slack : 0.402
TNS   : 0.000

Type  : Slow 1200mV 0C Model Recovery 'clk_gen_inst|altpll_component|auto_generated|pll1|clk[0]'
Slack : 7.472
TNS   : 0.000

Type  : Slow 1200mV 0C Model Removal 'clk_gen_inst|altpll_component|auto_generated|pll1|clk[0]'
Slack : 1.669
TNS   : 0.000

Type  : Slow 1200mV 0C Model Minimum Pulse Width 'mii_clk'
Slack : -3.201
TNS   : -358.242

Type  : Slow 1200mV 0C Model Minimum Pulse Width 'eth_rx_clk'
Slack : -3.000
TNS   : -26.792

Type  : Slow 1200mV 0C Model Minimum Pulse Width 'clk_gen_inst|altpll_component|auto_generated|pll1|clk[3]'
Slack : 3.719
TNS   : 0.000

Type  : Slow 1200mV 0C Model Minimum Pulse Width 'clk_gen_inst|altpll_component|auto_generated|pll1|clk[1]'
Slack : 4.718
TNS   : 0.000

Type  : Slow 1200mV 0C Model Minimum Pulse Width 'sys_clk'
Slack : 9.943
TNS   : 0.000

Type  : Slow 1200mV 0C Model Minimum Pulse Width 'clk_gen_inst|altpll_component|auto_generated|pll1|clk[0]'
Slack : 19.718
TNS   : 0.000

Type  : Fast 1200mV 0C Model Setup 'clk_gen_inst|altpll_component|auto_generated|pll1|clk[1]'
Slack : -2.637
TNS   : -5.118

Type  : Fast 1200mV 0C Model Setup 'mii_clk'
Slack : -1.407
TNS   : -175.775

Type  : Fast 1200mV 0C Model Setup 'eth_rx_clk'
Slack : -0.885
TNS   : -3.540

Type  : Fast 1200mV 0C Model Setup 'clk_gen_inst|altpll_component|auto_generated|pll1|clk[3]'
Slack : 3.103
TNS   : 0.000

Type  : Fast 1200mV 0C Model Setup 'clk_gen_inst|altpll_component|auto_generated|pll1|clk[0]'
Slack : 8.102
TNS   : 0.000

Type  : Fast 1200mV 0C Model Hold 'mii_clk'
Slack : -0.611
TNS   : -1.410

Type  : Fast 1200mV 0C Model Hold 'eth_rx_clk'
Slack : -0.520
TNS   : -0.520

Type  : Fast 1200mV 0C Model Hold 'clk_gen_inst|altpll_component|auto_generated|pll1|clk[1]'
Slack : 0.139
TNS   : 0.000

Type  : Fast 1200mV 0C Model Hold 'clk_gen_inst|altpll_component|auto_generated|pll1|clk[0]'
Slack : 0.186
TNS   : 0.000

Type  : Fast 1200mV 0C Model Hold 'clk_gen_inst|altpll_component|auto_generated|pll1|clk[3]'
Slack : 0.186
TNS   : 0.000

Type  : Fast 1200mV 0C Model Recovery 'clk_gen_inst|altpll_component|auto_generated|pll1|clk[0]'
Slack : 8.754
TNS   : 0.000

Type  : Fast 1200mV 0C Model Removal 'clk_gen_inst|altpll_component|auto_generated|pll1|clk[0]'
Slack : 0.772
TNS   : 0.000

Type  : Fast 1200mV 0C Model Minimum Pulse Width 'eth_rx_clk'
Slack : -3.000
TNS   : -21.595

Type  : Fast 1200mV 0C Model Minimum Pulse Width 'mii_clk'
Slack : -1.000
TNS   : -234.000

Type  : Fast 1200mV 0C Model Minimum Pulse Width 'clk_gen_inst|altpll_component|auto_generated|pll1|clk[3]'
Slack : 3.796
TNS   : 0.000

Type  : Fast 1200mV 0C Model Minimum Pulse Width 'clk_gen_inst|altpll_component|auto_generated|pll1|clk[1]'
Slack : 4.733
TNS   : 0.000

Type  : Fast 1200mV 0C Model Minimum Pulse Width 'sys_clk'
Slack : 9.594
TNS   : 0.000

Type  : Fast 1200mV 0C Model Minimum Pulse Width 'clk_gen_inst|altpll_component|auto_generated|pll1|clk[0]'
Slack : 19.735
TNS   : 0.000

------------------------------------------------------------
