------------------------------------------------------------
TimeQuest Timing Analyzer Summary
------------------------------------------------------------

Type  : Slow 1200mV 85C Model Setup 'sys_clk'
Slack : -12.632
TNS   : -501.737

Type  : Slow 1200mV 85C Model Setup 'seg_595_dynamic:seg_595_dynamic_inst|seg_dynamic:seg_dynamic_inst|clk_1k'
Slack : -1.444
TNS   : -11.968

Type  : Slow 1200mV 85C Model Hold 'sys_clk'
Slack : -0.062
TNS   : -0.062

Type  : Slow 1200mV 85C Model Hold 'seg_595_dynamic:seg_595_dynamic_inst|seg_dynamic:seg_dynamic_inst|clk_1k'
Slack : 0.312
TNS   : 0.000

Type  : Slow 1200mV 85C Model Minimum Pulse Width 'sys_clk'
Slack : -3.000
TNS   : -221.589

Type  : Slow 1200mV 85C Model Minimum Pulse Width 'seg_595_dynamic:seg_595_dynamic_inst|seg_dynamic:seg_dynamic_inst|clk_1k'
Slack : -1.487
TNS   : -19.331

Type  : Slow 1200mV 0C Model Setup 'sys_clk'
Slack : -11.490
TNS   : -457.921

Type  : Slow 1200mV 0C Model Setup 'seg_595_dynamic:seg_595_dynamic_inst|seg_dynamic:seg_dynamic_inst|clk_1k'
Slack : -1.279
TNS   : -10.559

Type  : Slow 1200mV 0C Model Hold 'sys_clk'
Slack : -0.037
TNS   : -0.037

Type  : Slow 1200mV 0C Model Hold 'seg_595_dynamic:seg_595_dynamic_inst|seg_dynamic:seg_dynamic_inst|clk_1k'
Slack : 0.231
TNS   : 0.000

Type  : Slow 1200mV 0C Model Minimum Pulse Width 'sys_clk'
Slack : -3.000
TNS   : -221.589

Type  : Slow 1200mV 0C Model Minimum Pulse Width 'seg_595_dynamic:seg_595_dynamic_inst|seg_dynamic:seg_dynamic_inst|clk_1k'
Slack : -1.487
TNS   : -19.331

Type  : Fast 1200mV 0C Model Setup 'sys_clk'
Slack : -4.799
TNS   : -139.130

Type  : Fast 1200mV 0C Model Setup 'seg_595_dynamic:seg_595_dynamic_inst|seg_dynamic:seg_dynamic_inst|clk_1k'
Slack : -0.051
TNS   : -0.099

Type  : Fast 1200mV 0C Model Hold 'sys_clk'
Slack : -0.179
TNS   : -0.179

Type  : Fast 1200mV 0C Model Hold 'seg_595_dynamic:seg_595_dynamic_inst|seg_dynamic:seg_dynamic_inst|clk_1k'
Slack : 0.102
TNS   : 0.000

Type  : Fast 1200mV 0C Model Minimum Pulse Width 'sys_clk'
Slack : -3.000
TNS   : -159.610

Type  : Fast 1200mV 0C Model Minimum Pulse Width 'seg_595_dynamic:seg_595_dynamic_inst|seg_dynamic:seg_dynamic_inst|clk_1k'
Slack : -1.000
TNS   : -13.000

------------------------------------------------------------
