------------------------------------------------------------
TimeQuest Timing Analyzer Summary
------------------------------------------------------------

Type  : Slow 1200mV 85C Model Setup 'clk_gen_inst|altpll_component|auto_generated|pll1|clk[0]'
Slack : -4.026
TNS   : -7.602

Type  : Slow 1200mV 85C Model Setup 'ov7725_pclk'
Slack : -2.238
TNS   : -99.216

Type  : Slow 1200mV 85C Model Setup 'ov7725_top:ov7725_top_inst|i2c_ctrl:i2c_ctrl_inst|i2c_clk'
Slack : -1.965
TNS   : -52.235

Type  : Slow 1200mV 85C Model Setup 'clk_gen_inst|altpll_component|auto_generated|pll1|clk[2]'
Slack : -0.145
TNS   : -0.145

Type  : Slow 1200mV 85C Model Hold 'ov7725_pclk'
Slack : -1.280
TNS   : -2.094

Type  : Slow 1200mV 85C Model Hold 'ov7725_top:ov7725_top_inst|i2c_ctrl:i2c_ctrl_inst|i2c_clk'
Slack : -0.618
TNS   : -5.730

Type  : Slow 1200mV 85C Model Hold 'clk_gen_inst|altpll_component|auto_generated|pll1|clk[2]'
Slack : -0.206
TNS   : -0.206

Type  : Slow 1200mV 85C Model Hold 'clk_gen_inst|altpll_component|auto_generated|pll1|clk[0]'
Slack : 0.406
TNS   : 0.000

Type  : Slow 1200mV 85C Model Recovery 'ov7725_top:ov7725_top_inst|i2c_ctrl:i2c_ctrl_inst|cnt_i2c_clk[0]'
Slack : -3.028
TNS   : -3.028

Type  : Slow 1200mV 85C Model Recovery 'ov7725_pclk'
Slack : -2.234
TNS   : -70.920

Type  : Slow 1200mV 85C Model Removal 'ov7725_pclk'
Slack : -0.242
TNS   : -4.376

Type  : Slow 1200mV 85C Model Removal 'ov7725_top:ov7725_top_inst|i2c_ctrl:i2c_ctrl_inst|cnt_i2c_clk[0]'
Slack : 2.187
TNS   : 0.000

Type  : Slow 1200mV 85C Model Minimum Pulse Width 'ov7725_pclk'
Slack : -3.201
TNS   : -127.783

Type  : Slow 1200mV 85C Model Minimum Pulse Width 'ov7725_top:ov7725_top_inst|i2c_ctrl:i2c_ctrl_inst|i2c_clk'
Slack : -1.487
TNS   : -52.045

Type  : Slow 1200mV 85C Model Minimum Pulse Width 'ov7725_top:ov7725_top_inst|i2c_ctrl:i2c_ctrl_inst|cnt_i2c_clk[0]'
Slack : 0.415
TNS   : 0.000

Type  : Slow 1200mV 85C Model Minimum Pulse Width 'clk_gen_inst|altpll_component|auto_generated|pll1|clk[0]'
Slack : 3.706
TNS   : 0.000

Type  : Slow 1200mV 85C Model Minimum Pulse Width 'sys_clk'
Slack : 9.934
TNS   : 0.000

Type  : Slow 1200mV 85C Model Minimum Pulse Width 'clk_gen_inst|altpll_component|auto_generated|pll1|clk[2]'
Slack : 19.718
TNS   : 0.000

Type  : Slow 1200mV 0C Model Setup 'clk_gen_inst|altpll_component|auto_generated|pll1|clk[0]'
Slack : -3.531
TNS   : -6.587

Type  : Slow 1200mV 0C Model Setup 'ov7725_pclk'
Slack : -2.019
TNS   : -89.253

Type  : Slow 1200mV 0C Model Setup 'ov7725_top:ov7725_top_inst|i2c_ctrl:i2c_ctrl_inst|i2c_clk'
Slack : -1.703
TNS   : -45.647

Type  : Slow 1200mV 0C Model Setup 'clk_gen_inst|altpll_component|auto_generated|pll1|clk[2]'
Slack : 0.047
TNS   : 0.000

Type  : Slow 1200mV 0C Model Hold 'ov7725_pclk'
Slack : -1.094
TNS   : -1.762

Type  : Slow 1200mV 0C Model Hold 'ov7725_top:ov7725_top_inst|i2c_ctrl:i2c_ctrl_inst|i2c_clk'
Slack : -0.562
TNS   : -5.423

Type  : Slow 1200mV 0C Model Hold 'clk_gen_inst|altpll_component|auto_generated|pll1|clk[2]'
Slack : -0.317
TNS   : -0.317

Type  : Slow 1200mV 0C Model Hold 'clk_gen_inst|altpll_component|auto_generated|pll1|clk[0]'
Slack : 0.381
TNS   : 0.000

Type  : Slow 1200mV 0C Model Recovery 'ov7725_top:ov7725_top_inst|i2c_ctrl:i2c_ctrl_inst|cnt_i2c_clk[0]'
Slack : -2.637
TNS   : -2.637

Type  : Slow 1200mV 0C Model Recovery 'ov7725_pclk'
Slack : -1.970
TNS   : -62.541

Type  : Slow 1200mV 0C Model Removal 'ov7725_pclk'
Slack : -0.106
TNS   : -0.302

Type  : Slow 1200mV 0C Model Removal 'ov7725_top:ov7725_top_inst|i2c_ctrl:i2c_ctrl_inst|cnt_i2c_clk[0]'
Slack : 1.950
TNS   : 0.000

Type  : Slow 1200mV 0C Model Minimum Pulse Width 'ov7725_pclk'
Slack : -3.201
TNS   : -127.783

Type  : Slow 1200mV 0C Model Minimum Pulse Width 'ov7725_top:ov7725_top_inst|i2c_ctrl:i2c_ctrl_inst|i2c_clk'
Slack : -1.487
TNS   : -52.045

Type  : Slow 1200mV 0C Model Minimum Pulse Width 'ov7725_top:ov7725_top_inst|i2c_ctrl:i2c_ctrl_inst|cnt_i2c_clk[0]'
Slack : 0.424
TNS   : 0.000

Type  : Slow 1200mV 0C Model Minimum Pulse Width 'clk_gen_inst|altpll_component|auto_generated|pll1|clk[0]'
Slack : 3.675
TNS   : 0.000

Type  : Slow 1200mV 0C Model Minimum Pulse Width 'sys_clk'
Slack : 9.943
TNS   : 0.000

Type  : Slow 1200mV 0C Model Minimum Pulse Width 'clk_gen_inst|altpll_component|auto_generated|pll1|clk[2]'
Slack : 19.716
TNS   : 0.000

Type  : Fast 1200mV 0C Model Setup 'clk_gen_inst|altpll_component|auto_generated|pll1|clk[0]'
Slack : -1.395
TNS   : -2.599

Type  : Fast 1200mV 0C Model Setup 'ov7725_pclk'
Slack : -0.435
TNS   : -8.820

Type  : Fast 1200mV 0C Model Setup 'ov7725_top:ov7725_top_inst|i2c_ctrl:i2c_ctrl_inst|i2c_clk'
Slack : -0.277
TNS   : -3.762

Type  : Fast 1200mV 0C Model Setup 'clk_gen_inst|altpll_component|auto_generated|pll1|clk[2]'
Slack : 0.045
TNS   : 0.000

Type  : Fast 1200mV 0C Model Hold 'ov7725_pclk'
Slack : -0.815
TNS   : -1.458

Type  : Fast 1200mV 0C Model Hold 'ov7725_top:ov7725_top_inst|i2c_ctrl:i2c_ctrl_inst|i2c_clk'
Slack : -0.390
TNS   : -3.085

Type  : Fast 1200mV 0C Model Hold 'clk_gen_inst|altpll_component|auto_generated|pll1|clk[2]'
Slack : -0.051
TNS   : -0.051

Type  : Fast 1200mV 0C Model Hold 'clk_gen_inst|altpll_component|auto_generated|pll1|clk[0]'
Slack : 0.145
TNS   : 0.000

Type  : Fast 1200mV 0C Model Recovery 'ov7725_top:ov7725_top_inst|i2c_ctrl:i2c_ctrl_inst|cnt_i2c_clk[0]'
Slack : -1.148
TNS   : -1.148

Type  : Fast 1200mV 0C Model Recovery 'ov7725_pclk'
Slack : -0.707
TNS   : -22.113

Type  : Fast 1200mV 0C Model Removal 'ov7725_pclk'
Slack : -0.349
TNS   : -9.508

Type  : Fast 1200mV 0C Model Removal 'ov7725_top:ov7725_top_inst|i2c_ctrl:i2c_ctrl_inst|cnt_i2c_clk[0]'
Slack : 1.353
TNS   : 0.000

Type  : Fast 1200mV 0C Model Minimum Pulse Width 'ov7725_pclk'
Slack : -3.000
TNS   : -85.394

Type  : Fast 1200mV 0C Model Minimum Pulse Width 'ov7725_top:ov7725_top_inst|i2c_ctrl:i2c_ctrl_inst|i2c_clk'
Slack : -1.000
TNS   : -35.000

Type  : Fast 1200mV 0C Model Minimum Pulse Width 'ov7725_top:ov7725_top_inst|i2c_ctrl:i2c_ctrl_inst|cnt_i2c_clk[0]'
Slack : 0.401
TNS   : 0.000

Type  : Fast 1200mV 0C Model Minimum Pulse Width 'clk_gen_inst|altpll_component|auto_generated|pll1|clk[0]'
Slack : 3.734
TNS   : 0.000

Type  : Fast 1200mV 0C Model Minimum Pulse Width 'sys_clk'
Slack : 9.594
TNS   : 0.000

Type  : Fast 1200mV 0C Model Minimum Pulse Width 'clk_gen_inst|altpll_component|auto_generated|pll1|clk[2]'
Slack : 19.735
TNS   : 0.000

------------------------------------------------------------
