------------------------------------------------------------
TimeQuest Timing Analyzer Summary
------------------------------------------------------------

Type  : Slow 1200mV 85C Model Setup 'i2c_ctrl:i2c_ctrl_inst|i2c_clk'
Slack : -34.626
TNS   : -508.878

Type  : Slow 1200mV 85C Model Setup 'i2c_ctrl:i2c_ctrl_inst|state.RD_DATA'
Slack : -5.550
TNS   : -5.550

Type  : Slow 1200mV 85C Model Setup 'sys_clk'
Slack : -3.920
TNS   : -412.944

Type  : Slow 1200mV 85C Model Setup 'i2c_ctrl:i2c_ctrl_inst|cnt_i2c_clk[0]'
Slack : -0.680
TNS   : -0.680

Type  : Slow 1200mV 85C Model Hold 'i2c_ctrl:i2c_ctrl_inst|i2c_clk'
Slack : -2.444
TNS   : -5.884

Type  : Slow 1200mV 85C Model Hold 'i2c_ctrl:i2c_ctrl_inst|state.RD_DATA'
Slack : -1.842
TNS   : -10.263

Type  : Slow 1200mV 85C Model Hold 'i2c_ctrl:i2c_ctrl_inst|cnt_i2c_clk[0]'
Slack : -1.373
TNS   : -8.930

Type  : Slow 1200mV 85C Model Hold 'sys_clk'
Slack : 0.195
TNS   : 0.000

Type  : Slow 1200mV 85C Model Recovery 'i2c_ctrl:i2c_ctrl_inst|cnt_i2c_clk[0]'
Slack : -3.415
TNS   : -3.415

Type  : Slow 1200mV 85C Model Removal 'i2c_ctrl:i2c_ctrl_inst|cnt_i2c_clk[0]'
Slack : 2.467
TNS   : 0.000

Type  : Slow 1200mV 85C Model Minimum Pulse Width 'sys_clk'
Slack : -3.000
TNS   : -282.556

Type  : Slow 1200mV 85C Model Minimum Pulse Width 'i2c_ctrl:i2c_ctrl_inst|i2c_clk'
Slack : -1.487
TNS   : -162.083

Type  : Slow 1200mV 85C Model Minimum Pulse Width 'i2c_ctrl:i2c_ctrl_inst|state.RD_DATA'
Slack : 0.344
TNS   : 0.000

Type  : Slow 1200mV 85C Model Minimum Pulse Width 'i2c_ctrl:i2c_ctrl_inst|cnt_i2c_clk[0]'
Slack : 0.371
TNS   : 0.000

Type  : Slow 1200mV 0C Model Setup 'i2c_ctrl:i2c_ctrl_inst|i2c_clk'
Slack : -31.506
TNS   : -468.881

Type  : Slow 1200mV 0C Model Setup 'i2c_ctrl:i2c_ctrl_inst|state.RD_DATA'
Slack : -4.933
TNS   : -4.982

Type  : Slow 1200mV 0C Model Setup 'sys_clk'
Slack : -3.522
TNS   : -372.091

Type  : Slow 1200mV 0C Model Setup 'i2c_ctrl:i2c_ctrl_inst|cnt_i2c_clk[0]'
Slack : -0.694
TNS   : -0.694

Type  : Slow 1200mV 0C Model Hold 'i2c_ctrl:i2c_ctrl_inst|i2c_clk'
Slack : -2.202
TNS   : -5.424

Type  : Slow 1200mV 0C Model Hold 'i2c_ctrl:i2c_ctrl_inst|state.RD_DATA'
Slack : -1.634
TNS   : -9.133

Type  : Slow 1200mV 0C Model Hold 'i2c_ctrl:i2c_ctrl_inst|cnt_i2c_clk[0]'
Slack : -1.225
TNS   : -7.681

Type  : Slow 1200mV 0C Model Hold 'sys_clk'
Slack : 0.186
TNS   : 0.000

Type  : Slow 1200mV 0C Model Recovery 'i2c_ctrl:i2c_ctrl_inst|cnt_i2c_clk[0]'
Slack : -2.957
TNS   : -2.957

Type  : Slow 1200mV 0C Model Removal 'i2c_ctrl:i2c_ctrl_inst|cnt_i2c_clk[0]'
Slack : 2.180
TNS   : 0.000

Type  : Slow 1200mV 0C Model Minimum Pulse Width 'sys_clk'
Slack : -3.000
TNS   : -282.556

Type  : Slow 1200mV 0C Model Minimum Pulse Width 'i2c_ctrl:i2c_ctrl_inst|i2c_clk'
Slack : -1.487
TNS   : -162.083

Type  : Slow 1200mV 0C Model Minimum Pulse Width 'i2c_ctrl:i2c_ctrl_inst|state.RD_DATA'
Slack : 0.103
TNS   : 0.000

Type  : Slow 1200mV 0C Model Minimum Pulse Width 'i2c_ctrl:i2c_ctrl_inst|cnt_i2c_clk[0]'
Slack : 0.202
TNS   : 0.000

Type  : Fast 1200mV 0C Model Setup 'i2c_ctrl:i2c_ctrl_inst|i2c_clk'
Slack : -14.328
TNS   : -159.923

Type  : Fast 1200mV 0C Model Setup 'i2c_ctrl:i2c_ctrl_inst|state.RD_DATA'
Slack : -2.325
TNS   : -2.325

Type  : Fast 1200mV 0C Model Setup 'sys_clk'
Slack : -1.101
TNS   : -85.335

Type  : Fast 1200mV 0C Model Setup 'i2c_ctrl:i2c_ctrl_inst|cnt_i2c_clk[0]'
Slack : -0.026
TNS   : -0.026

Type  : Fast 1200mV 0C Model Hold 'i2c_ctrl:i2c_ctrl_inst|i2c_clk'
Slack : -1.191
TNS   : -4.034

Type  : Fast 1200mV 0C Model Hold 'i2c_ctrl:i2c_ctrl_inst|state.RD_DATA'
Slack : -0.845
TNS   : -4.754

Type  : Fast 1200mV 0C Model Hold 'i2c_ctrl:i2c_ctrl_inst|cnt_i2c_clk[0]'
Slack : -0.624
TNS   : -4.273

Type  : Fast 1200mV 0C Model Hold 'sys_clk'
Slack : -0.093
TNS   : -0.093

Type  : Fast 1200mV 0C Model Recovery 'i2c_ctrl:i2c_ctrl_inst|cnt_i2c_clk[0]'
Slack : -1.382
TNS   : -1.382

Type  : Fast 1200mV 0C Model Removal 'i2c_ctrl:i2c_ctrl_inst|cnt_i2c_clk[0]'
Slack : 1.539
TNS   : 0.000

Type  : Fast 1200mV 0C Model Minimum Pulse Width 'sys_clk'
Slack : -3.000
TNS   : -203.480

Type  : Fast 1200mV 0C Model Minimum Pulse Width 'i2c_ctrl:i2c_ctrl_inst|i2c_clk'
Slack : -1.000
TNS   : -109.000

Type  : Fast 1200mV 0C Model Minimum Pulse Width 'i2c_ctrl:i2c_ctrl_inst|state.RD_DATA'
Slack : 0.311
TNS   : 0.000

Type  : Fast 1200mV 0C Model Minimum Pulse Width 'i2c_ctrl:i2c_ctrl_inst|cnt_i2c_clk[0]'
Slack : 0.387
TNS   : 0.000

------------------------------------------------------------
