------------------------------------------------------------
TimeQuest Timing Analyzer Summary
------------------------------------------------------------

Type  : Slow 1200mV 85C Model Setup 'sys_clk'
Slack : -17.871
TNS   : -561.255

Type  : Slow 1200mV 85C Model Setup 'seg_595_dynamic:seg_595_dynamic_inst|seg_dynamic:seg_dynamic_inst|clk_1k'
Slack : -1.481
TNS   : -15.102

Type  : Slow 1200mV 85C Model Hold 'sys_clk'
Slack : 0.022
TNS   : 0.000

Type  : Slow 1200mV 85C Model Hold 'seg_595_dynamic:seg_595_dynamic_inst|seg_dynamic:seg_dynamic_inst|clk_1k'
Slack : 0.399
TNS   : 0.000

Type  : Slow 1200mV 85C Model Minimum Pulse Width 'sys_clk'
Slack : -3.201
TNS   : -191.270

Type  : Slow 1200mV 85C Model Minimum Pulse Width 'seg_595_dynamic:seg_595_dynamic_inst|seg_dynamic:seg_dynamic_inst|clk_1k'
Slack : -1.487
TNS   : -19.331

Type  : Slow 1200mV 0C Model Setup 'sys_clk'
Slack : -16.219
TNS   : -515.374

Type  : Slow 1200mV 0C Model Setup 'seg_595_dynamic:seg_595_dynamic_inst|seg_dynamic:seg_dynamic_inst|clk_1k'
Slack : -1.305
TNS   : -13.552

Type  : Slow 1200mV 0C Model Hold 'sys_clk'
Slack : 0.041
TNS   : 0.000

Type  : Slow 1200mV 0C Model Hold 'seg_595_dynamic:seg_595_dynamic_inst|seg_dynamic:seg_dynamic_inst|clk_1k'
Slack : 0.295
TNS   : 0.000

Type  : Slow 1200mV 0C Model Minimum Pulse Width 'sys_clk'
Slack : -3.201
TNS   : -191.270

Type  : Slow 1200mV 0C Model Minimum Pulse Width 'seg_595_dynamic:seg_595_dynamic_inst|seg_dynamic:seg_dynamic_inst|clk_1k'
Slack : -1.487
TNS   : -19.331

Type  : Fast 1200mV 0C Model Setup 'sys_clk'
Slack : -6.825
TNS   : -172.858

Type  : Fast 1200mV 0C Model Setup 'seg_595_dynamic:seg_595_dynamic_inst|seg_dynamic:seg_dynamic_inst|clk_1k'
Slack : -0.058
TNS   : -0.273

Type  : Fast 1200mV 0C Model Hold 'sys_clk'
Slack : -0.160
TNS   : -0.160

Type  : Fast 1200mV 0C Model Hold 'seg_595_dynamic:seg_595_dynamic_inst|seg_dynamic:seg_dynamic_inst|clk_1k'
Slack : 0.150
TNS   : 0.000

Type  : Fast 1200mV 0C Model Minimum Pulse Width 'sys_clk'
Slack : -3.000
TNS   : -133.190

Type  : Fast 1200mV 0C Model Minimum Pulse Width 'seg_595_dynamic:seg_595_dynamic_inst|seg_dynamic:seg_dynamic_inst|clk_1k'
Slack : -1.000
TNS   : -13.000

------------------------------------------------------------
